Downloading: "https://download.pytorch.org/models/resnet18-f37072fd.pth" to /root/.cache/torch/hub/checkpoints/resnet18-f37072fd.pth
[V12 semantic] shard=2 1/50 trials=30
[V12 semantic] shard=2 2/50 trials=60
[V12 semantic] shard=2 3/50 trials=90
[V12 semantic] shard=2 4/50 trials=120
[V12 semantic] shard=2 5/50 trials=150
[V12 semantic] shard=2 6/50 trials=180
[V12 semantic] shard=2 7/50 trials=210
[V12 semantic] shard=2 8/50 trials=240
[V12 semantic] shard=2 9/50 trials=270
[V12 semantic] shard=2 10/50 trials=300
[V12 semantic] shard=2 11/50 trials=330
[V12 semantic] shard=2 12/50 trials=360
[V12 semantic] shard=2 13/50 trials=390
[V12 semantic] shard=2 14/50 trials=420
[V12 semantic] shard=2 15/50 trials=450
[V12 semantic] shard=2 16/50 trials=480
[V12 semantic] shard=2 17/50 trials=510
[V12 semantic] shard=2 18/50 trials=540
[V12 semantic] shard=2 19/50 trials=570
[V12 semantic] shard=2 20/50 trials=600
[V12 semantic] shard=2 21/50 trials=630
[V12 semantic] shard=2 22/50 trials=660
[V12 semantic] shard=2 23/50 trials=690
[V12 semantic] shard=2 24/50 trials=720
[V12 semantic] shard=2 25/50 trials=750
[V12 semantic] shard=2 26/50 trials=780
[V12 semantic] shard=2 27/50 trials=810
[V12 semantic] shard=2 28/50 trials=840
[V12 semantic] shard=2 29/50 trials=870
[V12 semantic] shard=2 30/50 trials=900
[V12 semantic] shard=2 31/50 trials=930
[V12 semantic] shard=2 32/50 trials=960
[V12 semantic] shard=2 33/50 trials=990
[V12 semantic] shard=2 34/50 trials=1020
[V12 semantic] shard=2 35/50 trials=1050
[V12 semantic] shard=2 36/50 trials=1080
[V12 semantic] shard=2 37/50 trials=1110
[V12 semantic] shard=2 38/50 trials=1140
[V12 semantic] shard=2 39/50 trials=1170
[V12 semantic] shard=2 40/50 trials=1200
[V12 semantic] shard=2 41/50 trials=1230
[V12 semantic] shard=2 42/50 trials=1260
[V12 semantic] shard=2 43/50 trials=1290
[V12 semantic] shard=2 44/50 trials=1320
[V12 semantic] shard=2 45/50 trials=1350
[V12 semantic] shard=2 46/50 trials=1380
[V12 semantic] shard=2 47/50 trials=1410
[V12 semantic] shard=2 48/50 trials=1440
[V12 semantic] shard=2 49/50 trials=1470
[V12 semantic] shard=2 50/50 trials=1500
{
  "shard": 2,
  "n": 50,
  "trial_encode_decode_count": 1500
}
