[{"stream_name":"stderr","time":6.975010083,"data":"0.00s - Debugger warning: It seems that frozen modules are being used, which may\n"}
,{"stream_name":"stderr","time":6.9750869269999995,"data":"0.00s - make the debugger miss breakpoints. Please pass -Xfrozen_modules=off\n"}
,{"stream_name":"stderr","time":6.975093863,"data":"0.00s - to python to disable frozen modules.\n"}
,{"stream_name":"stderr","time":6.975098351,"data":"0.00s - Note: Debugging will proceed. Set PYDEVD_DISABLE_FILE_VALIDATION=1 to disable this validation.\n"}
,{"stream_name":"stderr","time":7.552514078,"data":"0.00s - Debugger warning: It seems that frozen modules are being used, which may\n"}
,{"stream_name":"stderr","time":7.552556163,"data":"0.00s - make the debugger miss breakpoints. Please pass -Xfrozen_modules=off\n"}
,{"stream_name":"stderr","time":7.552562255,"data":"0.00s - to python to disable frozen modules.\n"}
,{"stream_name":"stderr","time":7.552566631,"data":"0.00s - Note: Debugging will proceed. Set PYDEVD_DISABLE_FILE_VALIDATION=1 to disable this validation.\n"}
,{"stream_name":"stdout","time":255.128194117,"data":"{\n"}
,{"stream_name":"stdout","time":255.128256851,"data":"  \"experiment\": \"v12_mc3_frozen_CAL_diagnostic\",\n"}
,{"stream_name":"stdout","time":255.128264206,"data":"  \"scope\": \"post-freeze diagnostic on reused CAL; no fit or policy selection\",\n"}
,{"stream_name":"stdout","time":255.128269853,"data":"  \"repository_url\": \"https://github.com/munnn01/preeee.git\",\n"}
,{"stream_name":"stdout","time":255.128274506,"data":"  \"code_commit\": \"43f62f3aff682b557bc00bbb4707479abbe268b7\",\n"}
,{"stream_name":"stdout","time":255.128279076,"data":"  \"code_fingerprint\": \"c1ffe1ed3d66c9dcb11ff27b020dcf54006f1abb40cb31c92ca95dead0ff4c1c\",\n"}
,{"stream_name":"stdout","time":255.128283873,"data":"  \"preregistration_commit\": \"fda9e069643e084d715c6f71a0cdefc9000f0204\",\n"}
,{"stream_name":"stdout","time":255.128288352,"data":"  \"preregistration_sha256\": \"093844f1c76c3e4982fc1c8b669705eb0923bdb7e05462c90e7bc13831f1e14f\",\n"}
,{"stream_name":"stdout","time":255.128295032,"data":"  \"protocol_sha256\": \"994ce274c58a77ae65233d41558af0bd65228f7c952ed2a770fd08b1c86771bd\",\n"}
,{"stream_name":"stdout","time":255.128299508,"data":"  \"selection_sha256\": \"bd677379e4420a50a71e8b0a630f1ce3519f42707da21667ac198eb3c93d9103\",\n"}
,{"stream_name":"stdout","time":255.128412931,"data":"  \"source_fingerprint\": \"ce5acf9334d4f683fdc7757d53b0d5be0ce80cc5a6fd4a4340e30c9357e79721\",\n"}
,{"stream_name":"stdout","time":255.128425777,"data":"  \"parent_freezes\": {\n"}
,{"stream_name":"stdout","time":255.128429347,"data":"    \"v12a\": {\n"}
,{"stream_name":"stdout","time":255.12843254,"data":"      \"repository_url\": \"https://github.com/munnn01/preeee.git\",\n"}
,{"stream_name":"stdout","time":255.128436419,"data":"      \"freeze_commit\": \"31733000ce4c4c4af007d09db96be88838dd63fa\",\n"}
,{"stream_name":"stdout","time":255.128439611,"data":"      \"frozen_policy_sha256\": \"918c205a88de9e3422a8d65c3e327ee1515c717ee9e89ea8b124127d9d529cbe\",\n"}
,{"stream_name":"stdout","time":255.128442777,"data":"      \"calibration_result_sha256\": \"2bd161d4b18f6f78ea85edeb9987079bd832e67d3b9e7e04b837a5bd6af81d1d\",\n"}
,{"stream_name":"stdout","time":255.12844606,"data":"      \"selected_choices_sha256\": \"bf60f1d51584ba86047f25f80acee8194381882bdf0d9eb990add87f69201c35\",\n"}
,{"stream_name":"stdout","time":255.128449312,"data":"      \"policy\": {\n"}
,{"stream_name":"stdout","time":255.128452287,"data":"        \"tau_relative\": 0.5,\n"}
,{"stream_name":"stdout","time":255.128455357,"data":"        \"rate_slack\": 0.5,\n"}
,{"stream_name":"stdout","time":255.128458286,"data":"        \"qp_mode\": \"lowmid\"\n"}
,{"stream_name":"stdout","time":255.128472057,"data":"      }\n"}
,{"stream_name":"stdout","time":255.128474467,"data":"    },\n"}
,{"stream_name":"stdout","time":255.128476624,"data":"    \"v12b\": {\n"}
,{"stream_name":"stdout","time":255.128478933,"data":"      \"repository_url\": \"https://github.com/munnn01/test_pre.git\",\n"}
,{"stream_name":"stdout","time":255.128481326,"data":"      \"freeze_commit\": \"67859444caeae26f4f4c927106d0efa1924616d9\",\n"}
,{"stream_name":"stdout","time":255.128483722,"data":"      \"frozen_policy_sha256\": \"68ae2ecb2b6d5b8fc2eb93b4ea4396ff60fd2b2d035623b67347043333e83cf8\",\n"}
,{"stream_name":"stdout","time":255.128486268,"data":"      \"calibration_result_sha256\": \"366d1a8a85cf0a75a5b03f962e9f5162a7775c8b6ce240c9cd9bf3694b1eb861\",\n"}
,{"stream_name":"stdout","time":255.128488784,"data":"      \"selected_choices_sha256\": \"e0d14ae6b772e7c7651f6737161bd1cb1463ae2a02927ead32fe30c9a6586499\",\n"}
,{"stream_name":"stdout","time":255.128491197,"data":"      \"policy\": {\n"}
,{"stream_name":"stdout","time":255.128493496,"data":"        \"tau_relative\": 0.25,\n"}
,{"stream_name":"stdout","time":255.128495816,"data":"        \"rate_slack\": 0.25,\n"}
,{"stream_name":"stdout","time":255.128498076,"data":"        \"qp_mode\": \"lowmid\"\n"}
,{"stream_name":"stdout","time":255.128500383,"data":"      }\n"}
,{"stream_name":"stdout","time":255.128502496,"data":"    }\n"}
,{"stream_name":"stdout","time":255.128504626,"data":"  },\n"}
,{"stream_name":"stdout","time":255.128506811,"data":"  \"model\": {\n"}
,{"stream_name":"stdout","time":255.128520162,"data":"    \"name\": \"mc3_18\",\n"}
,{"stream_name":"stdout","time":255.128522712,"data":"    \"weights\": \"KINETICS400_V1\",\n"}
,{"stream_name":"stdout","time":255.128528603,"data":"    \"url\": \"https://download.pytorch.org/models/mc3_18-a90a0ba3.pth\",\n"}
,{"stream_name":"stdout","time":255.128531112,"data":"    \"checkpoint_sha256\": \"a90a0ba35ca1242d15b77511ff28bfb29cc596988b5ea36081042f8e2f54212b\",\n"}
,{"stream_name":"stdout","time":255.128533549,"data":"    \"state_sha256\": \"8d68c39a4c53e74e6639e98073c6a9e2fa619f2fb3aab8b6d9fa9dcba5ef2cc7\",\n"}
,{"stream_name":"stdout","time":255.128535934,"data":"    \"categories_sha256\": \"af3283ace9c5869eb2bf7f8a1c4c2dd8c7593e10a78590abdbdbec64ccdc5b57\",\n"}
,{"stream_name":"stdout","time":255.128538361,"data":"    \"clip_size\": 112,\n"}
,{"stream_name":"stdout","time":255.128540655,"data":"    \"mean\": [\n"}
,{"stream_name":"stdout","time":255.128542873,"data":"      0.43216,\n"}
,{"stream_name":"stdout","time":255.12854514,"data":"      0.394666,\n"}
,{"stream_name":"stdout","time":255.128547319,"data":"      0.37645\n"}
,{"stream_name":"stdout","time":255.128549481,"data":"    ],\n"}
,{"stream_name":"stdout","time":255.128551665,"data":"    \"std\": [\n"}
,{"stream_name":"stdout","time":255.128553947,"data":"      0.22803,\n"}
,{"stream_name":"stdout","time":255.128556099,"data":"      0.22145,\n"}
,{"stream_name":"stdout","time":255.128558223,"data":"      0.216989\n"}
,{"stream_name":"stdout","time":255.128560422,"data":"    ]\n"}
,{"stream_name":"stdout","time":255.128562533,"data":"  },\n"}
,{"stream_name":"stdout","time":255.128564714,"data":"  \"bootstrap_unit\": \"source video; all QPs and five arms paired\",\n"}
,{"stream_name":"stdout","time":255.128567178,"data":"  \"bootstrap_seed\": 20261010,\n"}
,{"stream_name":"stdout","time":255.128569448,"data":"  \"bootstrap_draws\": 2000,\n"}
,{"stream_name":"stdout","time":255.128571693,"data":"  \"metric_sha256\": \"38d373f13366cb2397cd572d294dda4bd57dd71841fc353aa0b50776b2ae6487\",\n"}
,{"stream_name":"stdout","time":255.128576811,"data":"  \"bootstrap_sha256\": \"ca61890140e511d101024485cce4e1c96c2b7ff68e2718abfe466e1bd2af9f36\"\n"}
,{"stream_name":"stdout","time":255.128579321,"data":"}\n"}
,{"stream_name":"stdout","time":255.128581627,"data":"Downloading: \"https://download.pytorch.org/models/mc3_18-a90a0ba3.pth\" to /root/.cache/torch/hub/checkpoints/mc3_18-a90a0ba3.pth\n"}
,{"stream_name":"stdout","time":255.128584244,"data":"\r  0%|          | 0.00/44.7M [00:00\u003c?, ?B/s]\r 21%|██        | 9.25M/44.7M [00:00\u003c00:00, 96.6MB/s]\r 72%|███████▏  | 32.2M/44.7M [00:00\u003c00:00, 181MB/s] \r100%|██████████| 44.7M/44.7M [00:00\u003c00:00, 185MB/s]\n"}
,{"stream_name":"stdout","time":255.128589504,"data":"[MC3 V12] shard=1 1/50 unique_trials=13\n"}
,{"stream_name":"stdout","time":255.1285919,"data":"[MC3 V12] shard=1 2/50 unique_trials=25\n"}
,{"stream_name":"stdout","time":255.128594223,"data":"[MC3 V12] shard=1 3/50 unique_trials=36\n"}
,{"stream_name":"stdout","time":255.12859642,"data":"[MC3 V12] shard=1 4/50 unique_trials=46\n"}
,{"stream_name":"stdout","time":255.128598624,"data":"[MC3 V12] shard=1 5/50 unique_trials=56\n"}
,{"stream_name":"stdout","time":255.128600869,"data":"[MC3 V12] shard=1 6/50 unique_trials=68\n"}
,{"stream_name":"stdout","time":255.128603091,"data":"[MC3 V12] shard=1 7/50 unique_trials=78\n"}
,{"stream_name":"stdout","time":255.128605351,"data":"[MC3 V12] shard=1 8/50 unique_trials=88\n"}
,{"stream_name":"stdout","time":255.128607541,"data":"[MC3 V12] shard=1 9/50 unique_trials=100\n"}
,{"stream_name":"stdout","time":255.128609752,"data":"[MC3 V12] shard=1 10/50 unique_trials=110\n"}
,{"stream_name":"stdout","time":255.128612022,"data":"[MC3 V12] shard=1 11/50 unique_trials=122\n"}
,{"stream_name":"stdout","time":255.12861422,"data":"[MC3 V12] shard=1 12/50 unique_trials=132\n"}
,{"stream_name":"stdout","time":255.128616511,"data":"[MC3 V12] shard=1 13/50 unique_trials=142\n"}
,{"stream_name":"stdout","time":255.128618704,"data":"[MC3 V12] shard=1 14/50 unique_trials=152\n"}
,{"stream_name":"stdout","time":255.128620928,"data":"[MC3 V12] shard=1 15/50 unique_trials=165\n"}
,{"stream_name":"stdout","time":255.128623121,"data":"[MC3 V12] shard=1 16/50 unique_trials=175\n"}
,{"stream_name":"stdout","time":255.128625304,"data":"[MC3 V12] shard=1 17/50 unique_trials=187\n"}
,{"stream_name":"stdout","time":255.128627491,"data":"[MC3 V12] shard=1 18/50 unique_trials=198\n"}
,{"stream_name":"stdout","time":255.128629685,"data":"[MC3 V12] shard=1 19/50 unique_trials=210\n"}
,{"stream_name":"stdout","time":255.128631874,"data":"[MC3 V12] shard=1 20/50 unique_trials=221\n"}
,{"stream_name":"stdout","time":255.128634062,"data":"[MC3 V12] shard=1 21/50 unique_trials=231\n"}
,{"stream_name":"stdout","time":255.128636272,"data":"[MC3 V12] shard=1 22/50 unique_trials=242\n"}
,{"stream_name":"stdout","time":255.128639074,"data":"[MC3 V12] shard=1 23/50 unique_trials=256\n"}
,{"stream_name":"stdout","time":255.128641375,"data":"[MC3 V12] shard=1 24/50 unique_trials=267\n"}
,{"stream_name":"stdout","time":255.128643554,"data":"[MC3 V12] shard=1 25/50 unique_trials=280\n"}
,{"stream_name":"stdout","time":255.12864574,"data":"[MC3 V12] shard=1 26/50 unique_trials=292\n"}
,{"stream_name":"stdout","time":255.128647944,"data":"[MC3 V12] shard=1 27/50 unique_trials=305\n"}
,{"stream_name":"stdout","time":255.128650214,"data":"[MC3 V12] shard=1 28/50 unique_trials=316\n"}
,{"stream_name":"stdout","time":255.128652407,"data":"[MC3 V12] shard=1 29/50 unique_trials=326\n"}
,{"stream_name":"stdout","time":255.128654598,"data":"[MC3 V12] shard=1 30/50 unique_trials=339\n"}
,{"stream_name":"stdout","time":255.128658807,"data":"[MC3 V12] shard=1 31/50 unique_trials=350\n"}
,{"stream_name":"stdout","time":255.128661257,"data":"[MC3 V12] shard=1 32/50 unique_trials=361\n"}
,{"stream_name":"stdout","time":255.128663451,"data":"[MC3 V12] shard=1 33/50 unique_trials=372\n"}
,{"stream_name":"stdout","time":255.128665653,"data":"[MC3 V12] shard=1 34/50 unique_trials=382\n"}
,{"stream_name":"stdout","time":255.128667842,"data":"[MC3 V12] shard=1 35/50 unique_trials=392\n"}
,{"stream_name":"stdout","time":255.128670038,"data":"[MC3 V12] shard=1 36/50 unique_trials=404\n"}
,{"stream_name":"stdout","time":255.128672232,"data":"[MC3 V12] shard=1 37/50 unique_trials=418\n"}
,{"stream_name":"stdout","time":255.12867443,"data":"[MC3 V12] shard=1 38/50 unique_trials=431\n"}
,{"stream_name":"stdout","time":255.128676657,"data":"[MC3 V12] shard=1 39/50 unique_trials=442\n"}
,{"stream_name":"stdout","time":255.128678853,"data":"[MC3 V12] shard=1 40/50 unique_trials=452\n"}
,{"stream_name":"stdout","time":255.128681038,"data":"[MC3 V12] shard=1 41/50 unique_trials=462\n"}
,{"stream_name":"stdout","time":255.128683233,"data":"[MC3 V12] shard=1 42/50 unique_trials=473\n"}
,{"stream_name":"stdout","time":255.128685419,"data":"[MC3 V12] shard=1 43/50 unique_trials=485\n"}
,{"stream_name":"stdout","time":255.128687608,"data":"[MC3 V12] shard=1 44/50 unique_trials=495\n"}
,{"stream_name":"stdout","time":255.128689794,"data":"[MC3 V12] shard=1 45/50 unique_trials=508\n"}
,{"stream_name":"stdout","time":255.128691986,"data":"[MC3 V12] shard=1 46/50 unique_trials=520\n"}
,{"stream_name":"stdout","time":255.128694205,"data":"[MC3 V12] shard=1 47/50 unique_trials=530\n"}
,{"stream_name":"stdout","time":255.128696387,"data":"[MC3 V12] shard=1 48/50 unique_trials=543\n"}
,{"stream_name":"stdout","time":255.128698578,"data":"[MC3 V12] shard=1 49/50 unique_trials=555\n"}
,{"stream_name":"stdout","time":255.128700765,"data":"[MC3 V12] shard=1 50/50 unique_trials=565\n"}
,{"stream_name":"stdout","time":255.128702969,"data":"{\n"}
,{"stream_name":"stdout","time":255.128705108,"data":"  \"shard\": 1,\n"}
,{"stream_name":"stdout","time":255.128707368,"data":"  \"n\": 50,\n"}
,{"stream_name":"stdout","time":255.128709602,"data":"  \"unique_trials\": 565\n"}
,{"stream_name":"stdout","time":255.128711863,"data":"}\n"}
,{"stream_name":"stdout","time":255.128713981,"data":"[done] V12 MC3 CAL shard=1\n"}
,{"stream_name":"stdout","time":255.128716233,"data":"[exit] rc=0 shard=1\n"}
,{"stream_name":"stderr","time":255.129398947,"data":"/kaggle/working/v12_mc3_repository/src/models/cast_ar.py:8: SyntaxWarning: invalid escape sequence '\\-'\n"}
,{"stream_name":"stderr","time":255.129417615,"data":"  \\-\u003e content/QP mixture + safety gate\n"}
,{"stream_name":"stderr","time":255.12942249,"data":"\n"}
,{"stream_name":"stderr","time":255.129426752,"data":"/kaggle/working/v12_mc3_repository/src/models/cast_ar.py:8: SyntaxWarning: invalid escape sequence '\\-'\n"}
,{"stream_name":"stderr","time":255.1294308,"data":"  \\-\u003e content/QP mixture + safety gate\n"}
,{"stream_name":"stderr","time":257.46289826,"data":"/usr/local/lib/python3.12/dist-packages/mistune.py:435: SyntaxWarning: invalid escape sequence '\\|'\n"}
,{"stream_name":"stderr","time":257.462930568,"data":"  cells[i][c] = re.sub('\\\\\\\\\\|', '|', cell)\n"}
,{"stream_name":"stderr","time":257.619873398,"data":"/usr/local/lib/python3.12/dist-packages/nbconvert/filters/filter_links.py:36: SyntaxWarning: invalid escape sequence '\\_'\n"}
,{"stream_name":"stderr","time":257.619897883,"data":"  text = re.sub(r'_', '\\_', text) # Escape underscores in display text\n"}
,{"stream_name":"stderr","time":258.216566474,"data":"[NbConvertApp] Converting notebook __notebook__.ipynb to notebook\n"}
,{"stream_name":"stderr","time":258.502613896,"data":"[NbConvertApp] Writing 10205 bytes to __notebook__.ipynb\n"}
,{"stream_name":"stderr","time":260.812095069,"data":"[NbConvertApp] Converting notebook __notebook__.ipynb to html\n"}
,{"stream_name":"stderr","time":261.26827347,"data":"[NbConvertApp] Writing 287124 bytes to __results__.html\n"}
]
[{"stream_name":"stderr","time":6.975010083,"data":"0.00s - Debugger warning: It seems that frozen modules are being used, which may\n"}
,{"stream_name":"stderr","time":6.9750869269999995,"data":"0.00s - make the debugger miss breakpoints. Please pass -Xfrozen_modules=off\n"}
,{"stream_name":"stderr","time":6.975093863,"data":"0.00s - to python to disable frozen modules.\n"}
,{"stream_name":"stderr","time":6.975098351,"data":"0.00s - Note: Debugging will proceed. Set PYDEVD_DISABLE_FILE_VALIDATION=1 to disable this validation.\n"}
,{"stream_name":"stderr","time":7.552514078,"data":"0.00s - Debugger warning: It seems that frozen modules are being used, which may\n"}
,{"stream_name":"stderr","time":7.552556163,"data":"0.00s - make the debugger miss breakpoints. Please pass -Xfrozen_modules=off\n"}
,{"stream_name":"stderr","time":7.552562255,"data":"0.00s - to python to disable frozen modules.\n"}
,{"stream_name":"stderr","time":7.552566631,"data":"0.00s - Note: Debugging will proceed. Set PYDEVD_DISABLE_FILE_VALIDATION=1 to disable this validation.\n"}
,{"stream_name":"stdout","time":255.128194117,"data":"{\n"}
,{"stream_name":"stdout","time":255.128256851,"data":"  \"experiment\": \"v12_mc3_frozen_CAL_diagnostic\",\n"}
,{"stream_name":"stdout","time":255.128264206,"data":"  \"scope\": \"post-freeze diagnostic on reused CAL; no fit or policy selection\",\n"}
,{"stream_name":"stdout","time":255.128269853,"data":"  \"repository_url\": \"https://github.com/munnn01/preeee.git\",\n"}
,{"stream_name":"stdout","time":255.128274506,"data":"  \"code_commit\": \"43f62f3aff682b557bc00bbb4707479abbe268b7\",\n"}
,{"stream_name":"stdout","time":255.128279076,"data":"  \"code_fingerprint\": \"c1ffe1ed3d66c9dcb11ff27b020dcf54006f1abb40cb31c92ca95dead0ff4c1c\",\n"}
,{"stream_name":"stdout","time":255.128283873,"data":"  \"preregistration_commit\": \"fda9e069643e084d715c6f71a0cdefc9000f0204\",\n"}
,{"stream_name":"stdout","time":255.128288352,"data":"  \"preregistration_sha256\": \"093844f1c76c3e4982fc1c8b669705eb0923bdb7e05462c90e7bc13831f1e14f\",\n"}
,{"stream_name":"stdout","time":255.128295032,"data":"  \"protocol_sha256\": \"994ce274c58a77ae65233d41558af0bd65228f7c952ed2a770fd08b1c86771bd\",\n"}
,{"stream_name":"stdout","time":255.128299508,"data":"  \"selection_sha256\": \"bd677379e4420a50a71e8b0a630f1ce3519f42707da21667ac198eb3c93d9103\",\n"}
,{"stream_name":"stdout","time":255.128412931,"data":"  \"source_fingerprint\": \"ce5acf9334d4f683fdc7757d53b0d5be0ce80cc5a6fd4a4340e30c9357e79721\",\n"}
,{"stream_name":"stdout","time":255.128425777,"data":"  \"parent_freezes\": {\n"}
,{"stream_name":"stdout","time":255.128429347,"data":"    \"v12a\": {\n"}
,{"stream_name":"stdout","time":255.12843254,"data":"      \"repository_url\": \"https://github.com/munnn01/preeee.git\",\n"}
,{"stream_name":"stdout","time":255.128436419,"data":"      \"freeze_commit\": \"31733000ce4c4c4af007d09db96be88838dd63fa\",\n"}
,{"stream_name":"stdout","time":255.128439611,"data":"      \"frozen_policy_sha256\": \"918c205a88de9e3422a8d65c3e327ee1515c717ee9e89ea8b124127d9d529cbe\",\n"}
,{"stream_name":"stdout","time":255.128442777,"data":"      \"calibration_result_sha256\": \"2bd161d4b18f6f78ea85edeb9987079bd832e67d3b9e7e04b837a5bd6af81d1d\",\n"}
,{"stream_name":"stdout","time":255.12844606,"data":"      \"selected_choices_sha256\": \"bf60f1d51584ba86047f25f80acee8194381882bdf0d9eb990add87f69201c35\",\n"}
,{"stream_name":"stdout","time":255.128449312,"data":"      \"policy\": {\n"}
,{"stream_name":"stdout","time":255.128452287,"data":"        \"tau_relative\": 0.5,\n"}
,{"stream_name":"stdout","time":255.128455357,"data":"        \"rate_slack\": 0.5,\n"}
,{"stream_name":"stdout","time":255.128458286,"data":"        \"qp_mode\": \"lowmid\"\n"}
,{"stream_name":"stdout","time":255.128472057,"data":"      }\n"}
,{"stream_name":"stdout","time":255.128474467,"data":"    },\n"}
,{"stream_name":"stdout","time":255.128476624,"data":"    \"v12b\": {\n"}
,{"stream_name":"stdout","time":255.128478933,"data":"      \"repository_url\": \"https://github.com/munnn01/test_pre.git\",\n"}
,{"stream_name":"stdout","time":255.128481326,"data":"      \"freeze_commit\": \"67859444caeae26f4f4c927106d0efa1924616d9\",\n"}
,{"stream_name":"stdout","time":255.128483722,"data":"      \"frozen_policy_sha256\": \"68ae2ecb2b6d5b8fc2eb93b4ea4396ff60fd2b2d035623b67347043333e83cf8\",\n"}
,{"stream_name":"stdout","time":255.128486268,"data":"      \"calibration_result_sha256\": \"366d1a8a85cf0a75a5b03f962e9f5162a7775c8b6ce240c9cd9bf3694b1eb861\",\n"}
,{"stream_name":"stdout","time":255.128488784,"data":"      \"selected_choices_sha256\": \"e0d14ae6b772e7c7651f6737161bd1cb1463ae2a02927ead32fe30c9a6586499\",\n"}
,{"stream_name":"stdout","time":255.128491197,"data":"      \"policy\": {\n"}
,{"stream_name":"stdout","time":255.128493496,"data":"        \"tau_relative\": 0.25,\n"}
,{"stream_name":"stdout","time":255.128495816,"data":"        \"rate_slack\": 0.25,\n"}
,{"stream_name":"stdout","time":255.128498076,"data":"        \"qp_mode\": \"lowmid\"\n"}
,{"stream_name":"stdout","time":255.128500383,"data":"      }\n"}
,{"stream_name":"stdout","time":255.128502496,"data":"    }\n"}
,{"stream_name":"stdout","time":255.128504626,"data":"  },\n"}
,{"stream_name":"stdout","time":255.128506811,"data":"  \"model\": {\n"}
,{"stream_name":"stdout","time":255.128520162,"data":"    \"name\": \"mc3_18\",\n"}
,{"stream_name":"stdout","time":255.128522712,"data":"    \"weights\": \"KINETICS400_V1\",\n"}
,{"stream_name":"stdout","time":255.128528603,"data":"    \"url\": \"https://download.pytorch.org/models/mc3_18-a90a0ba3.pth\",\n"}
,{"stream_name":"stdout","time":255.128531112,"data":"    \"checkpoint_sha256\": \"a90a0ba35ca1242d15b77511ff28bfb29cc596988b5ea36081042f8e2f54212b\",\n"}
,{"stream_name":"stdout","time":255.128533549,"data":"    \"state_sha256\": \"8d68c39a4c53e74e6639e98073c6a9e2fa619f2fb3aab8b6d9fa9dcba5ef2cc7\",\n"}
,{"stream_name":"stdout","time":255.128535934,"data":"    \"categories_sha256\": \"af3283ace9c5869eb2bf7f8a1c4c2dd8c7593e10a78590abdbdbec64ccdc5b57\",\n"}
,{"stream_name":"stdout","time":255.128538361,"data":"    \"clip_size\": 112,\n"}
,{"stream_name":"stdout","time":255.128540655,"data":"    \"mean\": [\n"}
,{"stream_name":"stdout","time":255.128542873,"data":"      0.43216,\n"}
,{"stream_name":"stdout","time":255.12854514,"data":"      0.394666,\n"}
,{"stream_name":"stdout","time":255.128547319,"data":"      0.37645\n"}
,{"stream_name":"stdout","time":255.128549481,"data":"    ],\n"}
,{"stream_name":"stdout","time":255.128551665,"data":"    \"std\": [\n"}
,{"stream_name":"stdout","time":255.128553947,"data":"      0.22803,\n"}
,{"stream_name":"stdout","time":255.128556099,"data":"      0.22145,\n"}
,{"stream_name":"stdout","time":255.128558223,"data":"      0.216989\n"}
,{"stream_name":"stdout","time":255.128560422,"data":"    ]\n"}
,{"stream_name":"stdout","time":255.128562533,"data":"  },\n"}
,{"stream_name":"stdout","time":255.128564714,"data":"  \"bootstrap_unit\": \"source video; all QPs and five arms paired\",\n"}
,{"stream_name":"stdout","time":255.128567178,"data":"  \"bootstrap_seed\": 20261010,\n"}
,{"stream_name":"stdout","time":255.128569448,"data":"  \"bootstrap_draws\": 2000,\n"}
,{"stream_name":"stdout","time":255.128571693,"data":"  \"metric_sha256\": \"38d373f13366cb2397cd572d294dda4bd57dd71841fc353aa0b50776b2ae6487\",\n"}
,{"stream_name":"stdout","time":255.128576811,"data":"  \"bootstrap_sha256\": \"ca61890140e511d101024485cce4e1c96c2b7ff68e2718abfe466e1bd2af9f36\"\n"}
,{"stream_name":"stdout","time":255.128579321,"data":"}\n"}
,{"stream_name":"stdout","time":255.128581627,"data":"Downloading: \"https://download.pytorch.org/models/mc3_18-a90a0ba3.pth\" to /root/.cache/torch/hub/checkpoints/mc3_18-a90a0ba3.pth\n"}
,{"stream_name":"stdout","time":255.128584244,"data":"\r  0%|          | 0.00/44.7M [00:00\u003c?, ?B/s]\r 21%|██        | 9.25M/44.7M [00:00\u003c00:00, 96.6MB/s]\r 72%|███████▏  | 32.2M/44.7M [00:00\u003c00:00, 181MB/s] \r100%|██████████| 44.7M/44.7M [00:00\u003c00:00, 185MB/s]\n"}
,{"stream_name":"stdout","time":255.128589504,"data":"[MC3 V12] shard=1 1/50 unique_trials=13\n"}
,{"stream_name":"stdout","time":255.1285919,"data":"[MC3 V12] shard=1 2/50 unique_trials=25\n"}
,{"stream_name":"stdout","time":255.128594223,"data":"[MC3 V12] shard=1 3/50 unique_trials=36\n"}
,{"stream_name":"stdout","time":255.12859642,"data":"[MC3 V12] shard=1 4/50 unique_trials=46\n"}
,{"stream_name":"stdout","time":255.128598624,"data":"[MC3 V12] shard=1 5/50 unique_trials=56\n"}
,{"stream_name":"stdout","time":255.128600869,"data":"[MC3 V12] shard=1 6/50 unique_trials=68\n"}
,{"stream_name":"stdout","time":255.128603091,"data":"[MC3 V12] shard=1 7/50 unique_trials=78\n"}
,{"stream_name":"stdout","time":255.128605351,"data":"[MC3 V12] shard=1 8/50 unique_trials=88\n"}
,{"stream_name":"stdout","time":255.128607541,"data":"[MC3 V12] shard=1 9/50 unique_trials=100\n"}
,{"stream_name":"stdout","time":255.128609752,"data":"[MC3 V12] shard=1 10/50 unique_trials=110\n"}
,{"stream_name":"stdout","time":255.128612022,"data":"[MC3 V12] shard=1 11/50 unique_trials=122\n"}
,{"stream_name":"stdout","time":255.12861422,"data":"[MC3 V12] shard=1 12/50 unique_trials=132\n"}
,{"stream_name":"stdout","time":255.128616511,"data":"[MC3 V12] shard=1 13/50 unique_trials=142\n"}
,{"stream_name":"stdout","time":255.128618704,"data":"[MC3 V12] shard=1 14/50 unique_trials=152\n"}
,{"stream_name":"stdout","time":255.128620928,"data":"[MC3 V12] shard=1 15/50 unique_trials=165\n"}
,{"stream_name":"stdout","time":255.128623121,"data":"[MC3 V12] shard=1 16/50 unique_trials=175\n"}
,{"stream_name":"stdout","time":255.128625304,"data":"[MC3 V12] shard=1 17/50 unique_trials=187\n"}
,{"stream_name":"stdout","time":255.128627491,"data":"[MC3 V12] shard=1 18/50 unique_trials=198\n"}
,{"stream_name":"stdout","time":255.128629685,"data":"[MC3 V12] shard=1 19/50 unique_trials=210\n"}
,{"stream_name":"stdout","time":255.128631874,"data":"[MC3 V12] shard=1 20/50 unique_trials=221\n"}
,{"stream_name":"stdout","time":255.128634062,"data":"[MC3 V12] shard=1 21/50 unique_trials=231\n"}
,{"stream_name":"stdout","time":255.128636272,"data":"[MC3 V12] shard=1 22/50 unique_trials=242\n"}
,{"stream_name":"stdout","time":255.128639074,"data":"[MC3 V12] shard=1 23/50 unique_trials=256\n"}
,{"stream_name":"stdout","time":255.128641375,"data":"[MC3 V12] shard=1 24/50 unique_trials=267\n"}
,{"stream_name":"stdout","time":255.128643554,"data":"[MC3 V12] shard=1 25/50 unique_trials=280\n"}
,{"stream_name":"stdout","time":255.12864574,"data":"[MC3 V12] shard=1 26/50 unique_trials=292\n"}
,{"stream_name":"stdout","time":255.128647944,"data":"[MC3 V12] shard=1 27/50 unique_trials=305\n"}
,{"stream_name":"stdout","time":255.128650214,"data":"[MC3 V12] shard=1 28/50 unique_trials=316\n"}
,{"stream_name":"stdout","time":255.128652407,"data":"[MC3 V12] shard=1 29/50 unique_trials=326\n"}
,{"stream_name":"stdout","time":255.128654598,"data":"[MC3 V12] shard=1 30/50 unique_trials=339\n"}
,{"stream_name":"stdout","time":255.128658807,"data":"[MC3 V12] shard=1 31/50 unique_trials=350\n"}
,{"stream_name":"stdout","time":255.128661257,"data":"[MC3 V12] shard=1 32/50 unique_trials=361\n"}
,{"stream_name":"stdout","time":255.128663451,"data":"[MC3 V12] shard=1 33/50 unique_trials=372\n"}
,{"stream_name":"stdout","time":255.128665653,"data":"[MC3 V12] shard=1 34/50 unique_trials=382\n"}
,{"stream_name":"stdout","time":255.128667842,"data":"[MC3 V12] shard=1 35/50 unique_trials=392\n"}
,{"stream_name":"stdout","time":255.128670038,"data":"[MC3 V12] shard=1 36/50 unique_trials=404\n"}
,{"stream_name":"stdout","time":255.128672232,"data":"[MC3 V12] shard=1 37/50 unique_trials=418\n"}
,{"stream_name":"stdout","time":255.12867443,"data":"[MC3 V12] shard=1 38/50 unique_trials=431\n"}
,{"stream_name":"stdout","time":255.128676657,"data":"[MC3 V12] shard=1 39/50 unique_trials=442\n"}
,{"stream_name":"stdout","time":255.128678853,"data":"[MC3 V12] shard=1 40/50 unique_trials=452\n"}
,{"stream_name":"stdout","time":255.128681038,"data":"[MC3 V12] shard=1 41/50 unique_trials=462\n"}
,{"stream_name":"stdout","time":255.128683233,"data":"[MC3 V12] shard=1 42/50 unique_trials=473\n"}
,{"stream_name":"stdout","time":255.128685419,"data":"[MC3 V12] shard=1 43/50 unique_trials=485\n"}
,{"stream_name":"stdout","time":255.128687608,"data":"[MC3 V12] shard=1 44/50 unique_trials=495\n"}
,{"stream_name":"stdout","time":255.128689794,"data":"[MC3 V12] shard=1 45/50 unique_trials=508\n"}
,{"stream_name":"stdout","time":255.128691986,"data":"[MC3 V12] shard=1 46/50 unique_trials=520\n"}
,{"stream_name":"stdout","time":255.128694205,"data":"[MC3 V12] shard=1 47/50 unique_trials=530\n"}
,{"stream_name":"stdout","time":255.128696387,"data":"[MC3 V12] shard=1 48/50 unique_trials=543\n"}
,{"stream_name":"stdout","time":255.128698578,"data":"[MC3 V12] shard=1 49/50 unique_trials=555\n"}
,{"stream_name":"stdout","time":255.128700765,"data":"[MC3 V12] shard=1 50/50 unique_trials=565\n"}
,{"stream_name":"stdout","time":255.128702969,"data":"{\n"}
,{"stream_name":"stdout","time":255.128705108,"data":"  \"shard\": 1,\n"}
,{"stream_name":"stdout","time":255.128707368,"data":"  \"n\": 50,\n"}
,{"stream_name":"stdout","time":255.128709602,"data":"  \"unique_trials\": 565\n"}
,{"stream_name":"stdout","time":255.128711863,"data":"}\n"}
,{"stream_name":"stdout","time":255.128713981,"data":"[done] V12 MC3 CAL shard=1\n"}
,{"stream_name":"stdout","time":255.128716233,"data":"[exit] rc=0 shard=1\n"}
,{"stream_name":"stderr","time":255.129398947,"data":"/kaggle/working/v12_mc3_repository/src/models/cast_ar.py:8: SyntaxWarning: invalid escape sequence '\\-'\n"}
,{"stream_name":"stderr","time":255.129417615,"data":"  \\-\u003e content/QP mixture + safety gate\n"}
,{"stream_name":"stderr","time":255.12942249,"data":"\n"}
,{"stream_name":"stderr","time":255.129426752,"data":"/kaggle/working/v12_mc3_repository/src/models/cast_ar.py:8: SyntaxWarning: invalid escape sequence '\\-'\n"}
,{"stream_name":"stderr","time":255.1294308,"data":"  \\-\u003e content/QP mixture + safety gate\n"}
,{"stream_name":"stderr","time":257.46289826,"data":"/usr/local/lib/python3.12/dist-packages/mistune.py:435: SyntaxWarning: invalid escape sequence '\\|'\n"}
,{"stream_name":"stderr","time":257.462930568,"data":"  cells[i][c] = re.sub('\\\\\\\\\\|', '|', cell)\n"}
,{"stream_name":"stderr","time":257.619873398,"data":"/usr/local/lib/python3.12/dist-packages/nbconvert/filters/filter_links.py:36: SyntaxWarning: invalid escape sequence '\\_'\n"}
,{"stream_name":"stderr","time":257.619897883,"data":"  text = re.sub(r'_', '\\_', text) # Escape underscores in display text\n"}
,{"stream_name":"stderr","time":258.216566474,"data":"[NbConvertApp] Converting notebook __notebook__.ipynb to notebook\n"}
,{"stream_name":"stderr","time":258.502613896,"data":"[NbConvertApp] Writing 10205 bytes to __notebook__.ipynb\n"}
,{"stream_name":"stderr","time":260.812095069,"data":"[NbConvertApp] Converting notebook __notebook__.ipynb to html\n"}
,{"stream_name":"stderr","time":261.26827347,"data":"[NbConvertApp] Writing 287124 bytes to __results__.html\n"}
]
[{"stream_name":"stderr","time":6.975010083,"data":"0.00s - Debugger warning: It seems that frozen modules are being used, which may\n"}
,{"stream_name":"stderr","time":6.9750869269999995,"data":"0.00s - make the debugger miss breakpoints. Please pass -Xfrozen_modules=off\n"}
,{"stream_name":"stderr","time":6.975093863,"data":"0.00s - to python to disable frozen modules.\n"}
,{"stream_name":"stderr","time":6.975098351,"data":"0.00s - Note: Debugging will proceed. Set PYDEVD_DISABLE_FILE_VALIDATION=1 to disable this validation.\n"}
,{"stream_name":"stderr","time":7.552514078,"data":"0.00s - Debugger warning: It seems that frozen modules are being used, which may\n"}
,{"stream_name":"stderr","time":7.552556163,"data":"0.00s - make the debugger miss breakpoints. Please pass -Xfrozen_modules=off\n"}
,{"stream_name":"stderr","time":7.552562255,"data":"0.00s - to python to disable frozen modules.\n"}
,{"stream_name":"stderr","time":7.552566631,"data":"0.00s - Note: Debugging will proceed. Set PYDEVD_DISABLE_FILE_VALIDATION=1 to disable this validation.\n"}
,{"stream_name":"stdout","time":255.128194117,"data":"{\n"}
,{"stream_name":"stdout","time":255.128256851,"data":"  \"experiment\": \"v12_mc3_frozen_CAL_diagnostic\",\n"}
,{"stream_name":"stdout","time":255.128264206,"data":"  \"scope\": \"post-freeze diagnostic on reused CAL; no fit or policy selection\",\n"}
,{"stream_name":"stdout","time":255.128269853,"data":"  \"repository_url\": \"https://github.com/munnn01/preeee.git\",\n"}
,{"stream_name":"stdout","time":255.128274506,"data":"  \"code_commit\": \"43f62f3aff682b557bc00bbb4707479abbe268b7\",\n"}
,{"stream_name":"stdout","time":255.128279076,"data":"  \"code_fingerprint\": \"c1ffe1ed3d66c9dcb11ff27b020dcf54006f1abb40cb31c92ca95dead0ff4c1c\",\n"}
,{"stream_name":"stdout","time":255.128283873,"data":"  \"preregistration_commit\": \"fda9e069643e084d715c6f71a0cdefc9000f0204\",\n"}
,{"stream_name":"stdout","time":255.128288352,"data":"  \"preregistration_sha256\": \"093844f1c76c3e4982fc1c8b669705eb0923bdb7e05462c90e7bc13831f1e14f\",\n"}
,{"stream_name":"stdout","time":255.128295032,"data":"  \"protocol_sha256\": \"994ce274c58a77ae65233d41558af0bd65228f7c952ed2a770fd08b1c86771bd\",\n"}
,{"stream_name":"stdout","time":255.128299508,"data":"  \"selection_sha256\": \"bd677379e4420a50a71e8b0a630f1ce3519f42707da21667ac198eb3c93d9103\",\n"}
,{"stream_name":"stdout","time":255.128412931,"data":"  \"source_fingerprint\": \"ce5acf9334d4f683fdc7757d53b0d5be0ce80cc5a6fd4a4340e30c9357e79721\",\n"}
,{"stream_name":"stdout","time":255.128425777,"data":"  \"parent_freezes\": {\n"}
,{"stream_name":"stdout","time":255.128429347,"data":"    \"v12a\": {\n"}
,{"stream_name":"stdout","time":255.12843254,"data":"      \"repository_url\": \"https://github.com/munnn01/preeee.git\",\n"}
,{"stream_name":"stdout","time":255.128436419,"data":"      \"freeze_commit\": \"31733000ce4c4c4af007d09db96be88838dd63fa\",\n"}
,{"stream_name":"stdout","time":255.128439611,"data":"      \"frozen_policy_sha256\": \"918c205a88de9e3422a8d65c3e327ee1515c717ee9e89ea8b124127d9d529cbe\",\n"}
,{"stream_name":"stdout","time":255.128442777,"data":"      \"calibration_result_sha256\": \"2bd161d4b18f6f78ea85edeb9987079bd832e67d3b9e7e04b837a5bd6af81d1d\",\n"}
,{"stream_name":"stdout","time":255.12844606,"data":"      \"selected_choices_sha256\": \"bf60f1d51584ba86047f25f80acee8194381882bdf0d9eb990add87f69201c35\",\n"}
,{"stream_name":"stdout","time":255.128449312,"data":"      \"policy\": {\n"}
,{"stream_name":"stdout","time":255.128452287,"data":"        \"tau_relative\": 0.5,\n"}
,{"stream_name":"stdout","time":255.128455357,"data":"        \"rate_slack\": 0.5,\n"}
,{"stream_name":"stdout","time":255.128458286,"data":"        \"qp_mode\": \"lowmid\"\n"}
,{"stream_name":"stdout","time":255.128472057,"data":"      }\n"}
,{"stream_name":"stdout","time":255.128474467,"data":"    },\n"}
,{"stream_name":"stdout","time":255.128476624,"data":"    \"v12b\": {\n"}
,{"stream_name":"stdout","time":255.128478933,"data":"      \"repository_url\": \"https://github.com/munnn01/test_pre.git\",\n"}
,{"stream_name":"stdout","time":255.128481326,"data":"      \"freeze_commit\": \"67859444caeae26f4f4c927106d0efa1924616d9\",\n"}
,{"stream_name":"stdout","time":255.128483722,"data":"      \"frozen_policy_sha256\": \"68ae2ecb2b6d5b8fc2eb93b4ea4396ff60fd2b2d035623b67347043333e83cf8\",\n"}
,{"stream_name":"stdout","time":255.128486268,"data":"      \"calibration_result_sha256\": \"366d1a8a85cf0a75a5b03f962e9f5162a7775c8b6ce240c9cd9bf3694b1eb861\",\n"}
,{"stream_name":"stdout","time":255.128488784,"data":"      \"selected_choices_sha256\": \"e0d14ae6b772e7c7651f6737161bd1cb1463ae2a02927ead32fe30c9a6586499\",\n"}
,{"stream_name":"stdout","time":255.128491197,"data":"      \"policy\": {\n"}
,{"stream_name":"stdout","time":255.128493496,"data":"        \"tau_relative\": 0.25,\n"}
,{"stream_name":"stdout","time":255.128495816,"data":"        \"rate_slack\": 0.25,\n"}
,{"stream_name":"stdout","time":255.128498076,"data":"        \"qp_mode\": \"lowmid\"\n"}
,{"stream_name":"stdout","time":255.128500383,"data":"      }\n"}
,{"stream_name":"stdout","time":255.128502496,"data":"    }\n"}
,{"stream_name":"stdout","time":255.128504626,"data":"  },\n"}
,{"stream_name":"stdout","time":255.128506811,"data":"  \"model\": {\n"}
,{"stream_name":"stdout","time":255.128520162,"data":"    \"name\": \"mc3_18\",\n"}
,{"stream_name":"stdout","time":255.128522712,"data":"    \"weights\": \"KINETICS400_V1\",\n"}
,{"stream_name":"stdout","time":255.128528603,"data":"    \"url\": \"https://download.pytorch.org/models/mc3_18-a90a0ba3.pth\",\n"}
,{"stream_name":"stdout","time":255.128531112,"data":"    \"checkpoint_sha256\": \"a90a0ba35ca1242d15b77511ff28bfb29cc596988b5ea36081042f8e2f54212b\",\n"}
,{"stream_name":"stdout","time":255.128533549,"data":"    \"state_sha256\": \"8d68c39a4c53e74e6639e98073c6a9e2fa619f2fb3aab8b6d9fa9dcba5ef2cc7\",\n"}
,{"stream_name":"stdout","time":255.128535934,"data":"    \"categories_sha256\": \"af3283ace9c5869eb2bf7f8a1c4c2dd8c7593e10a78590abdbdbec64ccdc5b57\",\n"}
,{"stream_name":"stdout","time":255.128538361,"data":"    \"clip_size\": 112,\n"}
,{"stream_name":"stdout","time":255.128540655,"data":"    \"mean\": [\n"}
,{"stream_name":"stdout","time":255.128542873,"data":"      0.43216,\n"}
,{"stream_name":"stdout","time":255.12854514,"data":"      0.394666,\n"}
,{"stream_name":"stdout","time":255.128547319,"data":"      0.37645\n"}
,{"stream_name":"stdout","time":255.128549481,"data":"    ],\n"}
,{"stream_name":"stdout","time":255.128551665,"data":"    \"std\": [\n"}
,{"stream_name":"stdout","time":255.128553947,"data":"      0.22803,\n"}
,{"stream_name":"stdout","time":255.128556099,"data":"      0.22145,\n"}
,{"stream_name":"stdout","time":255.128558223,"data":"      0.216989\n"}
,{"stream_name":"stdout","time":255.128560422,"data":"    ]\n"}
,{"stream_name":"stdout","time":255.128562533,"data":"  },\n"}
,{"stream_name":"stdout","time":255.128564714,"data":"  \"bootstrap_unit\": \"source video; all QPs and five arms paired\",\n"}
,{"stream_name":"stdout","time":255.128567178,"data":"  \"bootstrap_seed\": 20261010,\n"}
,{"stream_name":"stdout","time":255.128569448,"data":"  \"bootstrap_draws\": 2000,\n"}
,{"stream_name":"stdout","time":255.128571693,"data":"  \"metric_sha256\": \"38d373f13366cb2397cd572d294dda4bd57dd71841fc353aa0b50776b2ae6487\",\n"}
,{"stream_name":"stdout","time":255.128576811,"data":"  \"bootstrap_sha256\": \"ca61890140e511d101024485cce4e1c96c2b7ff68e2718abfe466e1bd2af9f36\"\n"}
,{"stream_name":"stdout","time":255.128579321,"data":"}\n"}
,{"stream_name":"stdout","time":255.128581627,"data":"Downloading: \"https://download.pytorch.org/models/mc3_18-a90a0ba3.pth\" to /root/.cache/torch/hub/checkpoints/mc3_18-a90a0ba3.pth\n"}
,{"stream_name":"stdout","time":255.128584244,"data":"\r  0%|          | 0.00/44.7M [00:00\u003c?, ?B/s]\r 21%|██        | 9.25M/44.7M [00:00\u003c00:00, 96.6MB/s]\r 72%|███████▏  | 32.2M/44.7M [00:00\u003c00:00, 181MB/s] \r100%|██████████| 44.7M/44.7M [00:00\u003c00:00, 185MB/s]\n"}
,{"stream_name":"stdout","time":255.128589504,"data":"[MC3 V12] shard=1 1/50 unique_trials=13\n"}
,{"stream_name":"stdout","time":255.1285919,"data":"[MC3 V12] shard=1 2/50 unique_trials=25\n"}
,{"stream_name":"stdout","time":255.128594223,"data":"[MC3 V12] shard=1 3/50 unique_trials=36\n"}
,{"stream_name":"stdout","time":255.12859642,"data":"[MC3 V12] shard=1 4/50 unique_trials=46\n"}
,{"stream_name":"stdout","time":255.128598624,"data":"[MC3 V12] shard=1 5/50 unique_trials=56\n"}
,{"stream_name":"stdout","time":255.128600869,"data":"[MC3 V12] shard=1 6/50 unique_trials=68\n"}
,{"stream_name":"stdout","time":255.128603091,"data":"[MC3 V12] shard=1 7/50 unique_trials=78\n"}
,{"stream_name":"stdout","time":255.128605351,"data":"[MC3 V12] shard=1 8/50 unique_trials=88\n"}
,{"stream_name":"stdout","time":255.128607541,"data":"[MC3 V12] shard=1 9/50 unique_trials=100\n"}
,{"stream_name":"stdout","time":255.128609752,"data":"[MC3 V12] shard=1 10/50 unique_trials=110\n"}
,{"stream_name":"stdout","time":255.128612022,"data":"[MC3 V12] shard=1 11/50 unique_trials=122\n"}
,{"stream_name":"stdout","time":255.12861422,"data":"[MC3 V12] shard=1 12/50 unique_trials=132\n"}
,{"stream_name":"stdout","time":255.128616511,"data":"[MC3 V12] shard=1 13/50 unique_trials=142\n"}
,{"stream_name":"stdout","time":255.128618704,"data":"[MC3 V12] shard=1 14/50 unique_trials=152\n"}
,{"stream_name":"stdout","time":255.128620928,"data":"[MC3 V12] shard=1 15/50 unique_trials=165\n"}
,{"stream_name":"stdout","time":255.128623121,"data":"[MC3 V12] shard=1 16/50 unique_trials=175\n"}
,{"stream_name":"stdout","time":255.128625304,"data":"[MC3 V12] shard=1 17/50 unique_trials=187\n"}
,{"stream_name":"stdout","time":255.128627491,"data":"[MC3 V12] shard=1 18/50 unique_trials=198\n"}
,{"stream_name":"stdout","time":255.128629685,"data":"[MC3 V12] shard=1 19/50 unique_trials=210\n"}
,{"stream_name":"stdout","time":255.128631874,"data":"[MC3 V12] shard=1 20/50 unique_trials=221\n"}
,{"stream_name":"stdout","time":255.128634062,"data":"[MC3 V12] shard=1 21/50 unique_trials=231\n"}
,{"stream_name":"stdout","time":255.128636272,"data":"[MC3 V12] shard=1 22/50 unique_trials=242\n"}
,{"stream_name":"stdout","time":255.128639074,"data":"[MC3 V12] shard=1 23/50 unique_trials=256\n"}
,{"stream_name":"stdout","time":255.128641375,"data":"[MC3 V12] shard=1 24/50 unique_trials=267\n"}
,{"stream_name":"stdout","time":255.128643554,"data":"[MC3 V12] shard=1 25/50 unique_trials=280\n"}
,{"stream_name":"stdout","time":255.12864574,"data":"[MC3 V12] shard=1 26/50 unique_trials=292\n"}
,{"stream_name":"stdout","time":255.128647944,"data":"[MC3 V12] shard=1 27/50 unique_trials=305\n"}
,{"stream_name":"stdout","time":255.128650214,"data":"[MC3 V12] shard=1 28/50 unique_trials=316\n"}
,{"stream_name":"stdout","time":255.128652407,"data":"[MC3 V12] shard=1 29/50 unique_trials=326\n"}
,{"stream_name":"stdout","time":255.128654598,"data":"[MC3 V12] shard=1 30/50 unique_trials=339\n"}
,{"stream_name":"stdout","time":255.128658807,"data":"[MC3 V12] shard=1 31/50 unique_trials=350\n"}
,{"stream_name":"stdout","time":255.128661257,"data":"[MC3 V12] shard=1 32/50 unique_trials=361\n"}
,{"stream_name":"stdout","time":255.128663451,"data":"[MC3 V12] shard=1 33/50 unique_trials=372\n"}
,{"stream_name":"stdout","time":255.128665653,"data":"[MC3 V12] shard=1 34/50 unique_trials=382\n"}
,{"stream_name":"stdout","time":255.128667842,"data":"[MC3 V12] shard=1 35/50 unique_trials=392\n"}
,{"stream_name":"stdout","time":255.128670038,"data":"[MC3 V12] shard=1 36/50 unique_trials=404\n"}
,{"stream_name":"stdout","time":255.128672232,"data":"[MC3 V12] shard=1 37/50 unique_trials=418\n"}
,{"stream_name":"stdout","time":255.12867443,"data":"[MC3 V12] shard=1 38/50 unique_trials=431\n"}
,{"stream_name":"stdout","time":255.128676657,"data":"[MC3 V12] shard=1 39/50 unique_trials=442\n"}
,{"stream_name":"stdout","time":255.128678853,"data":"[MC3 V12] shard=1 40/50 unique_trials=452\n"}
,{"stream_name":"stdout","time":255.128681038,"data":"[MC3 V12] shard=1 41/50 unique_trials=462\n"}
,{"stream_name":"stdout","time":255.128683233,"data":"[MC3 V12] shard=1 42/50 unique_trials=473\n"}
,{"stream_name":"stdout","time":255.128685419,"data":"[MC3 V12] shard=1 43/50 unique_trials=485\n"}
,{"stream_name":"stdout","time":255.128687608,"data":"[MC3 V12] shard=1 44/50 unique_trials=495\n"}
,{"stream_name":"stdout","time":255.128689794,"data":"[MC3 V12] shard=1 45/50 unique_trials=508\n"}
,{"stream_name":"stdout","time":255.128691986,"data":"[MC3 V12] shard=1 46/50 unique_trials=520\n"}
,{"stream_name":"stdout","time":255.128694205,"data":"[MC3 V12] shard=1 47/50 unique_trials=530\n"}
,{"stream_name":"stdout","time":255.128696387,"data":"[MC3 V12] shard=1 48/50 unique_trials=543\n"}
,{"stream_name":"stdout","time":255.128698578,"data":"[MC3 V12] shard=1 49/50 unique_trials=555\n"}
,{"stream_name":"stdout","time":255.128700765,"data":"[MC3 V12] shard=1 50/50 unique_trials=565\n"}
,{"stream_name":"stdout","time":255.128702969,"data":"{\n"}
,{"stream_name":"stdout","time":255.128705108,"data":"  \"shard\": 1,\n"}
,{"stream_name":"stdout","time":255.128707368,"data":"  \"n\": 50,\n"}
,{"stream_name":"stdout","time":255.128709602,"data":"  \"unique_trials\": 565\n"}
,{"stream_name":"stdout","time":255.128711863,"data":"}\n"}
,{"stream_name":"stdout","time":255.128713981,"data":"[done] V12 MC3 CAL shard=1\n"}
,{"stream_name":"stdout","time":255.128716233,"data":"[exit] rc=0 shard=1\n"}
,{"stream_name":"stderr","time":255.129398947,"data":"/kaggle/working/v12_mc3_repository/src/models/cast_ar.py:8: SyntaxWarning: invalid escape sequence '\\-'\n"}
,{"stream_name":"stderr","time":255.129417615,"data":"  \\-\u003e content/QP mixture + safety gate\n"}
,{"stream_name":"stderr","time":255.12942249,"data":"\n"}
,{"stream_name":"stderr","time":255.129426752,"data":"/kaggle/working/v12_mc3_repository/src/models/cast_ar.py:8: SyntaxWarning: invalid escape sequence '\\-'\n"}
,{"stream_name":"stderr","time":255.1294308,"data":"  \\-\u003e content/QP mixture + safety gate\n"}
,{"stream_name":"stderr","time":257.46289826,"data":"/usr/local/lib/python3.12/dist-packages/mistune.py:435: SyntaxWarning: invalid escape sequence '\\|'\n"}
,{"stream_name":"stderr","time":257.462930568,"data":"  cells[i][c] = re.sub('\\\\\\\\\\|', '|', cell)\n"}
,{"stream_name":"stderr","time":257.619873398,"data":"/usr/local/lib/python3.12/dist-packages/nbconvert/filters/filter_links.py:36: SyntaxWarning: invalid escape sequence '\\_'\n"}
,{"stream_name":"stderr","time":257.619897883,"data":"  text = re.sub(r'_', '\\_', text) # Escape underscores in display text\n"}
,{"stream_name":"stderr","time":258.216566474,"data":"[NbConvertApp] Converting notebook __notebook__.ipynb to notebook\n"}
,{"stream_name":"stderr","time":258.502613896,"data":"[NbConvertApp] Writing 10205 bytes to __notebook__.ipynb\n"}
,{"stream_name":"stderr","time":260.812095069,"data":"[NbConvertApp] Converting notebook __notebook__.ipynb to html\n"}
,{"stream_name":"stderr","time":261.26827347,"data":"[NbConvertApp] Writing 287124 bytes to __results__.html\n"}
]
[{"stream_name":"stderr","time":6.975010083,"data":"0.00s - Debugger warning: It seems that frozen modules are being used, which may\n"}
,{"stream_name":"stderr","time":6.9750869269999995,"data":"0.00s - make the debugger miss breakpoints. Please pass -Xfrozen_modules=off\n"}
,{"stream_name":"stderr","time":6.975093863,"data":"0.00s - to python to disable frozen modules.\n"}
,{"stream_name":"stderr","time":6.975098351,"data":"0.00s - Note: Debugging will proceed. Set PYDEVD_DISABLE_FILE_VALIDATION=1 to disable this validation.\n"}
,{"stream_name":"stderr","time":7.552514078,"data":"0.00s - Debugger warning: It seems that frozen modules are being used, which may\n"}
,{"stream_name":"stderr","time":7.552556163,"data":"0.00s - make the debugger miss breakpoints. Please pass -Xfrozen_modules=off\n"}
,{"stream_name":"stderr","time":7.552562255,"data":"0.00s - to python to disable frozen modules.\n"}
,{"stream_name":"stderr","time":7.552566631,"data":"0.00s - Note: Debugging will proceed. Set PYDEVD_DISABLE_FILE_VALIDATION=1 to disable this validation.\n"}
,{"stream_name":"stdout","time":255.128194117,"data":"{\n"}
,{"stream_name":"stdout","time":255.128256851,"data":"  \"experiment\": \"v12_mc3_frozen_CAL_diagnostic\",\n"}
,{"stream_name":"stdout","time":255.128264206,"data":"  \"scope\": \"post-freeze diagnostic on reused CAL; no fit or policy selection\",\n"}
,{"stream_name":"stdout","time":255.128269853,"data":"  \"repository_url\": \"https://github.com/munnn01/preeee.git\",\n"}
,{"stream_name":"stdout","time":255.128274506,"data":"  \"code_commit\": \"43f62f3aff682b557bc00bbb4707479abbe268b7\",\n"}
,{"stream_name":"stdout","time":255.128279076,"data":"  \"code_fingerprint\": \"c1ffe1ed3d66c9dcb11ff27b020dcf54006f1abb40cb31c92ca95dead0ff4c1c\",\n"}
,{"stream_name":"stdout","time":255.128283873,"data":"  \"preregistration_commit\": \"fda9e069643e084d715c6f71a0cdefc9000f0204\",\n"}
,{"stream_name":"stdout","time":255.128288352,"data":"  \"preregistration_sha256\": \"093844f1c76c3e4982fc1c8b669705eb0923bdb7e05462c90e7bc13831f1e14f\",\n"}
,{"stream_name":"stdout","time":255.128295032,"data":"  \"protocol_sha256\": \"994ce274c58a77ae65233d41558af0bd65228f7c952ed2a770fd08b1c86771bd\",\n"}
,{"stream_name":"stdout","time":255.128299508,"data":"  \"selection_sha256\": \"bd677379e4420a50a71e8b0a630f1ce3519f42707da21667ac198eb3c93d9103\",\n"}
,{"stream_name":"stdout","time":255.128412931,"data":"  \"source_fingerprint\": \"ce5acf9334d4f683fdc7757d53b0d5be0ce80cc5a6fd4a4340e30c9357e79721\",\n"}
,{"stream_name":"stdout","time":255.128425777,"data":"  \"parent_freezes\": {\n"}
,{"stream_name":"stdout","time":255.128429347,"data":"    \"v12a\": {\n"}
,{"stream_name":"stdout","time":255.12843254,"data":"      \"repository_url\": \"https://github.com/munnn01/preeee.git\",\n"}
,{"stream_name":"stdout","time":255.128436419,"data":"      \"freeze_commit\": \"31733000ce4c4c4af007d09db96be88838dd63fa\",\n"}
,{"stream_name":"stdout","time":255.128439611,"data":"      \"frozen_policy_sha256\": \"918c205a88de9e3422a8d65c3e327ee1515c717ee9e89ea8b124127d9d529cbe\",\n"}
,{"stream_name":"stdout","time":255.128442777,"data":"      \"calibration_result_sha256\": \"2bd161d4b18f6f78ea85edeb9987079bd832e67d3b9e7e04b837a5bd6af81d1d\",\n"}
,{"stream_name":"stdout","time":255.12844606,"data":"      \"selected_choices_sha256\": \"bf60f1d51584ba86047f25f80acee8194381882bdf0d9eb990add87f69201c35\",\n"}
,{"stream_name":"stdout","time":255.128449312,"data":"      \"policy\": {\n"}
,{"stream_name":"stdout","time":255.128452287,"data":"        \"tau_relative\": 0.5,\n"}
,{"stream_name":"stdout","time":255.128455357,"data":"        \"rate_slack\": 0.5,\n"}
,{"stream_name":"stdout","time":255.128458286,"data":"        \"qp_mode\": \"lowmid\"\n"}
,{"stream_name":"stdout","time":255.128472057,"data":"      }\n"}
,{"stream_name":"stdout","time":255.128474467,"data":"    },\n"}
,{"stream_name":"stdout","time":255.128476624,"data":"    \"v12b\": {\n"}
,{"stream_name":"stdout","time":255.128478933,"data":"      \"repository_url\": \"https://github.com/munnn01/test_pre.git\",\n"}
,{"stream_name":"stdout","time":255.128481326,"data":"      \"freeze_commit\": \"67859444caeae26f4f4c927106d0efa1924616d9\",\n"}
,{"stream_name":"stdout","time":255.128483722,"data":"      \"frozen_policy_sha256\": \"68ae2ecb2b6d5b8fc2eb93b4ea4396ff60fd2b2d035623b67347043333e83cf8\",\n"}
,{"stream_name":"stdout","time":255.128486268,"data":"      \"calibration_result_sha256\": \"366d1a8a85cf0a75a5b03f962e9f5162a7775c8b6ce240c9cd9bf3694b1eb861\",\n"}
,{"stream_name":"stdout","time":255.128488784,"data":"      \"selected_choices_sha256\": \"e0d14ae6b772e7c7651f6737161bd1cb1463ae2a02927ead32fe30c9a6586499\",\n"}
,{"stream_name":"stdout","time":255.128491197,"data":"      \"policy\": {\n"}
,{"stream_name":"stdout","time":255.128493496,"data":"        \"tau_relative\": 0.25,\n"}
,{"stream_name":"stdout","time":255.128495816,"data":"        \"rate_slack\": 0.25,\n"}
,{"stream_name":"stdout","time":255.128498076,"data":"        \"qp_mode\": \"lowmid\"\n"}
,{"stream_name":"stdout","time":255.128500383,"data":"      }\n"}
,{"stream_name":"stdout","time":255.128502496,"data":"    }\n"}
,{"stream_name":"stdout","time":255.128504626,"data":"  },\n"}
,{"stream_name":"stdout","time":255.128506811,"data":"  \"model\": {\n"}
,{"stream_name":"stdout","time":255.128520162,"data":"    \"name\": \"mc3_18\",\n"}
,{"stream_name":"stdout","time":255.128522712,"data":"    \"weights\": \"KINETICS400_V1\",\n"}
,{"stream_name":"stdout","time":255.128528603,"data":"    \"url\": \"https://download.pytorch.org/models/mc3_18-a90a0ba3.pth\",\n"}
,{"stream_name":"stdout","time":255.128531112,"data":"    \"checkpoint_sha256\": \"a90a0ba35ca1242d15b77511ff28bfb29cc596988b5ea36081042f8e2f54212b\",\n"}
,{"stream_name":"stdout","time":255.128533549,"data":"    \"state_sha256\": \"8d68c39a4c53e74e6639e98073c6a9e2fa619f2fb3aab8b6d9fa9dcba5ef2cc7\",\n"}
,{"stream_name":"stdout","time":255.128535934,"data":"    \"categories_sha256\": \"af3283ace9c5869eb2bf7f8a1c4c2dd8c7593e10a78590abdbdbec64ccdc5b57\",\n"}
,{"stream_name":"stdout","time":255.128538361,"data":"    \"clip_size\": 112,\n"}
,{"stream_name":"stdout","time":255.128540655,"data":"    \"mean\": [\n"}
,{"stream_name":"stdout","time":255.128542873,"data":"      0.43216,\n"}
,{"stream_name":"stdout","time":255.12854514,"data":"      0.394666,\n"}
,{"stream_name":"stdout","time":255.128547319,"data":"      0.37645\n"}
,{"stream_name":"stdout","time":255.128549481,"data":"    ],\n"}
,{"stream_name":"stdout","time":255.128551665,"data":"    \"std\": [\n"}
,{"stream_name":"stdout","time":255.128553947,"data":"      0.22803,\n"}
,{"stream_name":"stdout","time":255.128556099,"data":"      0.22145,\n"}
,{"stream_name":"stdout","time":255.128558223,"data":"      0.216989\n"}
,{"stream_name":"stdout","time":255.128560422,"data":"    ]\n"}
,{"stream_name":"stdout","time":255.128562533,"data":"  },\n"}
,{"stream_name":"stdout","time":255.128564714,"data":"  \"bootstrap_unit\": \"source video; all QPs and five arms paired\",\n"}
,{"stream_name":"stdout","time":255.128567178,"data":"  \"bootstrap_seed\": 20261010,\n"}
,{"stream_name":"stdout","time":255.128569448,"data":"  \"bootstrap_draws\": 2000,\n"}
,{"stream_name":"stdout","time":255.128571693,"data":"  \"metric_sha256\": \"38d373f13366cb2397cd572d294dda4bd57dd71841fc353aa0b50776b2ae6487\",\n"}
,{"stream_name":"stdout","time":255.128576811,"data":"  \"bootstrap_sha256\": \"ca61890140e511d101024485cce4e1c96c2b7ff68e2718abfe466e1bd2af9f36\"\n"}
,{"stream_name":"stdout","time":255.128579321,"data":"}\n"}
,{"stream_name":"stdout","time":255.128581627,"data":"Downloading: \"https://download.pytorch.org/models/mc3_18-a90a0ba3.pth\" to /root/.cache/torch/hub/checkpoints/mc3_18-a90a0ba3.pth\n"}
,{"stream_name":"stdout","time":255.128584244,"data":"\r  0%|          | 0.00/44.7M [00:00\u003c?, ?B/s]\r 21%|██        | 9.25M/44.7M [00:00\u003c00:00, 96.6MB/s]\r 72%|███████▏  | 32.2M/44.7M [00:00\u003c00:00, 181MB/s] \r100%|██████████| 44.7M/44.7M [00:00\u003c00:00, 185MB/s]\n"}
,{"stream_name":"stdout","time":255.128589504,"data":"[MC3 V12] shard=1 1/50 unique_trials=13\n"}
,{"stream_name":"stdout","time":255.1285919,"data":"[MC3 V12] shard=1 2/50 unique_trials=25\n"}
,{"stream_name":"stdout","time":255.128594223,"data":"[MC3 V12] shard=1 3/50 unique_trials=36\n"}
,{"stream_name":"stdout","time":255.12859642,"data":"[MC3 V12] shard=1 4/50 unique_trials=46\n"}
,{"stream_name":"stdout","time":255.128598624,"data":"[MC3 V12] shard=1 5/50 unique_trials=56\n"}
,{"stream_name":"stdout","time":255.128600869,"data":"[MC3 V12] shard=1 6/50 unique_trials=68\n"}
,{"stream_name":"stdout","time":255.128603091,"data":"[MC3 V12] shard=1 7/50 unique_trials=78\n"}
,{"stream_name":"stdout","time":255.128605351,"data":"[MC3 V12] shard=1 8/50 unique_trials=88\n"}
,{"stream_name":"stdout","time":255.128607541,"data":"[MC3 V12] shard=1 9/50 unique_trials=100\n"}
,{"stream_name":"stdout","time":255.128609752,"data":"[MC3 V12] shard=1 10/50 unique_trials=110\n"}
,{"stream_name":"stdout","time":255.128612022,"data":"[MC3 V12] shard=1 11/50 unique_trials=122\n"}
,{"stream_name":"stdout","time":255.12861422,"data":"[MC3 V12] shard=1 12/50 unique_trials=132\n"}
,{"stream_name":"stdout","time":255.128616511,"data":"[MC3 V12] shard=1 13/50 unique_trials=142\n"}
,{"stream_name":"stdout","time":255.128618704,"data":"[MC3 V12] shard=1 14/50 unique_trials=152\n"}
,{"stream_name":"stdout","time":255.128620928,"data":"[MC3 V12] shard=1 15/50 unique_trials=165\n"}
,{"stream_name":"stdout","time":255.128623121,"data":"[MC3 V12] shard=1 16/50 unique_trials=175\n"}
,{"stream_name":"stdout","time":255.128625304,"data":"[MC3 V12] shard=1 17/50 unique_trials=187\n"}
,{"stream_name":"stdout","time":255.128627491,"data":"[MC3 V12] shard=1 18/50 unique_trials=198\n"}
,{"stream_name":"stdout","time":255.128629685,"data":"[MC3 V12] shard=1 19/50 unique_trials=210\n"}
,{"stream_name":"stdout","time":255.128631874,"data":"[MC3 V12] shard=1 20/50 unique_trials=221\n"}
,{"stream_name":"stdout","time":255.128634062,"data":"[MC3 V12] shard=1 21/50 unique_trials=231\n"}
,{"stream_name":"stdout","time":255.128636272,"data":"[MC3 V12] shard=1 22/50 unique_trials=242\n"}
,{"stream_name":"stdout","time":255.128639074,"data":"[MC3 V12] shard=1 23/50 unique_trials=256\n"}
,{"stream_name":"stdout","time":255.128641375,"data":"[MC3 V12] shard=1 24/50 unique_trials=267\n"}
,{"stream_name":"stdout","time":255.128643554,"data":"[MC3 V12] shard=1 25/50 unique_trials=280\n"}
,{"stream_name":"stdout","time":255.12864574,"data":"[MC3 V12] shard=1 26/50 unique_trials=292\n"}
,{"stream_name":"stdout","time":255.128647944,"data":"[MC3 V12] shard=1 27/50 unique_trials=305\n"}
,{"stream_name":"stdout","time":255.128650214,"data":"[MC3 V12] shard=1 28/50 unique_trials=316\n"}
,{"stream_name":"stdout","time":255.128652407,"data":"[MC3 V12] shard=1 29/50 unique_trials=326\n"}
,{"stream_name":"stdout","time":255.128654598,"data":"[MC3 V12] shard=1 30/50 unique_trials=339\n"}
,{"stream_name":"stdout","time":255.128658807,"data":"[MC3 V12] shard=1 31/50 unique_trials=350\n"}
,{"stream_name":"stdout","time":255.128661257,"data":"[MC3 V12] shard=1 32/50 unique_trials=361\n"}
,{"stream_name":"stdout","time":255.128663451,"data":"[MC3 V12] shard=1 33/50 unique_trials=372\n"}
,{"stream_name":"stdout","time":255.128665653,"data":"[MC3 V12] shard=1 34/50 unique_trials=382\n"}
,{"stream_name":"stdout","time":255.128667842,"data":"[MC3 V12] shard=1 35/50 unique_trials=392\n"}
,{"stream_name":"stdout","time":255.128670038,"data":"[MC3 V12] shard=1 36/50 unique_trials=404\n"}
,{"stream_name":"stdout","time":255.128672232,"data":"[MC3 V12] shard=1 37/50 unique_trials=418\n"}
,{"stream_name":"stdout","time":255.12867443,"data":"[MC3 V12] shard=1 38/50 unique_trials=431\n"}
,{"stream_name":"stdout","time":255.128676657,"data":"[MC3 V12] shard=1 39/50 unique_trials=442\n"}
,{"stream_name":"stdout","time":255.128678853,"data":"[MC3 V12] shard=1 40/50 unique_trials=452\n"}
,{"stream_name":"stdout","time":255.128681038,"data":"[MC3 V12] shard=1 41/50 unique_trials=462\n"}
,{"stream_name":"stdout","time":255.128683233,"data":"[MC3 V12] shard=1 42/50 unique_trials=473\n"}
,{"stream_name":"stdout","time":255.128685419,"data":"[MC3 V12] shard=1 43/50 unique_trials=485\n"}
,{"stream_name":"stdout","time":255.128687608,"data":"[MC3 V12] shard=1 44/50 unique_trials=495\n"}
,{"stream_name":"stdout","time":255.128689794,"data":"[MC3 V12] shard=1 45/50 unique_trials=508\n"}
,{"stream_name":"stdout","time":255.128691986,"data":"[MC3 V12] shard=1 46/50 unique_trials=520\n"}
,{"stream_name":"stdout","time":255.128694205,"data":"[MC3 V12] shard=1 47/50 unique_trials=530\n"}
,{"stream_name":"stdout","time":255.128696387,"data":"[MC3 V12] shard=1 48/50 unique_trials=543\n"}
,{"stream_name":"stdout","time":255.128698578,"data":"[MC3 V12] shard=1 49/50 unique_trials=555\n"}
,{"stream_name":"stdout","time":255.128700765,"data":"[MC3 V12] shard=1 50/50 unique_trials=565\n"}
,{"stream_name":"stdout","time":255.128702969,"data":"{\n"}
,{"stream_name":"stdout","time":255.128705108,"data":"  \"shard\": 1,\n"}
,{"stream_name":"stdout","time":255.128707368,"data":"  \"n\": 50,\n"}
,{"stream_name":"stdout","time":255.128709602,"data":"  \"unique_trials\": 565\n"}
,{"stream_name":"stdout","time":255.128711863,"data":"}\n"}
,{"stream_name":"stdout","time":255.128713981,"data":"[done] V12 MC3 CAL shard=1\n"}
,{"stream_name":"stdout","time":255.128716233,"data":"[exit] rc=0 shard=1\n"}
,{"stream_name":"stderr","time":255.129398947,"data":"/kaggle/working/v12_mc3_repository/src/models/cast_ar.py:8: SyntaxWarning: invalid escape sequence '\\-'\n"}
,{"stream_name":"stderr","time":255.129417615,"data":"  \\-\u003e content/QP mixture + safety gate\n"}
,{"stream_name":"stderr","time":255.12942249,"data":"\n"}
,{"stream_name":"stderr","time":255.129426752,"data":"/kaggle/working/v12_mc3_repository/src/models/cast_ar.py:8: SyntaxWarning: invalid escape sequence '\\-'\n"}
,{"stream_name":"stderr","time":255.1294308,"data":"  \\-\u003e content/QP mixture + safety gate\n"}
,{"stream_name":"stderr","time":257.46289826,"data":"/usr/local/lib/python3.12/dist-packages/mistune.py:435: SyntaxWarning: invalid escape sequence '\\|'\n"}
,{"stream_name":"stderr","time":257.462930568,"data":"  cells[i][c] = re.sub('\\\\\\\\\\|', '|', cell)\n"}
,{"stream_name":"stderr","time":257.619873398,"data":"/usr/local/lib/python3.12/dist-packages/nbconvert/filters/filter_links.py:36: SyntaxWarning: invalid escape sequence '\\_'\n"}
,{"stream_name":"stderr","time":257.619897883,"data":"  text = re.sub(r'_', '\\_', text) # Escape underscores in display text\n"}
,{"stream_name":"stderr","time":258.216566474,"data":"[NbConvertApp] Converting notebook __notebook__.ipynb to notebook\n"}
,{"stream_name":"stderr","time":258.502613896,"data":"[NbConvertApp] Writing 10205 bytes to __notebook__.ipynb\n"}
,{"stream_name":"stderr","time":260.812095069,"data":"[NbConvertApp] Converting notebook __notebook__.ipynb to html\n"}
,{"stream_name":"stderr","time":261.26827347,"data":"[NbConvertApp] Writing 287124 bytes to __results__.html\n"}
]
[{"stream_name":"stderr","time":6.975010083,"data":"0.00s - Debugger warning: It seems that frozen modules are being used, which may\n"}
,{"stream_name":"stderr","time":6.9750869269999995,"data":"0.00s - make the debugger miss breakpoints. Please pass -Xfrozen_modules=off\n"}
,{"stream_name":"stderr","time":6.975093863,"data":"0.00s - to python to disable frozen modules.\n"}
,{"stream_name":"stderr","time":6.975098351,"data":"0.00s - Note: Debugging will proceed. Set PYDEVD_DISABLE_FILE_VALIDATION=1 to disable this validation.\n"}
,{"stream_name":"stderr","time":7.552514078,"data":"0.00s - Debugger warning: It seems that frozen modules are being used, which may\n"}
,{"stream_name":"stderr","time":7.552556163,"data":"0.00s - make the debugger miss breakpoints. Please pass -Xfrozen_modules=off\n"}
,{"stream_name":"stderr","time":7.552562255,"data":"0.00s - to python to disable frozen modules.\n"}
,{"stream_name":"stderr","time":7.552566631,"data":"0.00s - Note: Debugging will proceed. Set PYDEVD_DISABLE_FILE_VALIDATION=1 to disable this validation.\n"}
,{"stream_name":"stdout","time":255.128194117,"data":"{\n"}
,{"stream_name":"stdout","time":255.128256851,"data":"  \"experiment\": \"v12_mc3_frozen_CAL_diagnostic\",\n"}
,{"stream_name":"stdout","time":255.128264206,"data":"  \"scope\": \"post-freeze diagnostic on reused CAL; no fit or policy selection\",\n"}
,{"stream_name":"stdout","time":255.128269853,"data":"  \"repository_url\": \"https://github.com/munnn01/preeee.git\",\n"}
,{"stream_name":"stdout","time":255.128274506,"data":"  \"code_commit\": \"43f62f3aff682b557bc00bbb4707479abbe268b7\",\n"}
,{"stream_name":"stdout","time":255.128279076,"data":"  \"code_fingerprint\": \"c1ffe1ed3d66c9dcb11ff27b020dcf54006f1abb40cb31c92ca95dead0ff4c1c\",\n"}
,{"stream_name":"stdout","time":255.128283873,"data":"  \"preregistration_commit\": \"fda9e069643e084d715c6f71a0cdefc9000f0204\",\n"}
,{"stream_name":"stdout","time":255.128288352,"data":"  \"preregistration_sha256\": \"093844f1c76c3e4982fc1c8b669705eb0923bdb7e05462c90e7bc13831f1e14f\",\n"}
,{"stream_name":"stdout","time":255.128295032,"data":"  \"protocol_sha256\": \"994ce274c58a77ae65233d41558af0bd65228f7c952ed2a770fd08b1c86771bd\",\n"}
,{"stream_name":"stdout","time":255.128299508,"data":"  \"selection_sha256\": \"bd677379e4420a50a71e8b0a630f1ce3519f42707da21667ac198eb3c93d9103\",\n"}
,{"stream_name":"stdout","time":255.128412931,"data":"  \"source_fingerprint\": \"ce5acf9334d4f683fdc7757d53b0d5be0ce80cc5a6fd4a4340e30c9357e79721\",\n"}
,{"stream_name":"stdout","time":255.128425777,"data":"  \"parent_freezes\": {\n"}
,{"stream_name":"stdout","time":255.128429347,"data":"    \"v12a\": {\n"}
,{"stream_name":"stdout","time":255.12843254,"data":"      \"repository_url\": \"https://github.com/munnn01/preeee.git\",\n"}
,{"stream_name":"stdout","time":255.128436419,"data":"      \"freeze_commit\": \"31733000ce4c4c4af007d09db96be88838dd63fa\",\n"}
,{"stream_name":"stdout","time":255.128439611,"data":"      \"frozen_policy_sha256\": \"918c205a88de9e3422a8d65c3e327ee1515c717ee9e89ea8b124127d9d529cbe\",\n"}
,{"stream_name":"stdout","time":255.128442777,"data":"      \"calibration_result_sha256\": \"2bd161d4b18f6f78ea85edeb9987079bd832e67d3b9e7e04b837a5bd6af81d1d\",\n"}
,{"stream_name":"stdout","time":255.12844606,"data":"      \"selected_choices_sha256\": \"bf60f1d51584ba86047f25f80acee8194381882bdf0d9eb990add87f69201c35\",\n"}
,{"stream_name":"stdout","time":255.128449312,"data":"      \"policy\": {\n"}
,{"stream_name":"stdout","time":255.128452287,"data":"        \"tau_relative\": 0.5,\n"}
,{"stream_name":"stdout","time":255.128455357,"data":"        \"rate_slack\": 0.5,\n"}
,{"stream_name":"stdout","time":255.128458286,"data":"        \"qp_mode\": \"lowmid\"\n"}
,{"stream_name":"stdout","time":255.128472057,"data":"      }\n"}
,{"stream_name":"stdout","time":255.128474467,"data":"    },\n"}
,{"stream_name":"stdout","time":255.128476624,"data":"    \"v12b\": {\n"}
,{"stream_name":"stdout","time":255.128478933,"data":"      \"repository_url\": \"https://github.com/munnn01/test_pre.git\",\n"}
,{"stream_name":"stdout","time":255.128481326,"data":"      \"freeze_commit\": \"67859444caeae26f4f4c927106d0efa1924616d9\",\n"}
,{"stream_name":"stdout","time":255.128483722,"data":"      \"frozen_policy_sha256\": \"68ae2ecb2b6d5b8fc2eb93b4ea4396ff60fd2b2d035623b67347043333e83cf8\",\n"}
,{"stream_name":"stdout","time":255.128486268,"data":"      \"calibration_result_sha256\": \"366d1a8a85cf0a75a5b03f962e9f5162a7775c8b6ce240c9cd9bf3694b1eb861\",\n"}
,{"stream_name":"stdout","time":255.128488784,"data":"      \"selected_choices_sha256\": \"e0d14ae6b772e7c7651f6737161bd1cb1463ae2a02927ead32fe30c9a6586499\",\n"}
,{"stream_name":"stdout","time":255.128491197,"data":"      \"policy\": {\n"}
,{"stream_name":"stdout","time":255.128493496,"data":"        \"tau_relative\": 0.25,\n"}
,{"stream_name":"stdout","time":255.128495816,"data":"        \"rate_slack\": 0.25,\n"}
,{"stream_name":"stdout","time":255.128498076,"data":"        \"qp_mode\": \"lowmid\"\n"}
,{"stream_name":"stdout","time":255.128500383,"data":"      }\n"}
,{"stream_name":"stdout","time":255.128502496,"data":"    }\n"}
,{"stream_name":"stdout","time":255.128504626,"data":"  },\n"}
,{"stream_name":"stdout","time":255.128506811,"data":"  \"model\": {\n"}
,{"stream_name":"stdout","time":255.128520162,"data":"    \"name\": \"mc3_18\",\n"}
,{"stream_name":"stdout","time":255.128522712,"data":"    \"weights\": \"KINETICS400_V1\",\n"}
,{"stream_name":"stdout","time":255.128528603,"data":"    \"url\": \"https://download.pytorch.org/models/mc3_18-a90a0ba3.pth\",\n"}
,{"stream_name":"stdout","time":255.128531112,"data":"    \"checkpoint_sha256\": \"a90a0ba35ca1242d15b77511ff28bfb29cc596988b5ea36081042f8e2f54212b\",\n"}
,{"stream_name":"stdout","time":255.128533549,"data":"    \"state_sha256\": \"8d68c39a4c53e74e6639e98073c6a9e2fa619f2fb3aab8b6d9fa9dcba5ef2cc7\",\n"}
,{"stream_name":"stdout","time":255.128535934,"data":"    \"categories_sha256\": \"af3283ace9c5869eb2bf7f8a1c4c2dd8c7593e10a78590abdbdbec64ccdc5b57\",\n"}
,{"stream_name":"stdout","time":255.128538361,"data":"    \"clip_size\": 112,\n"}
,{"stream_name":"stdout","time":255.128540655,"data":"    \"mean\": [\n"}
,{"stream_name":"stdout","time":255.128542873,"data":"      0.43216,\n"}
,{"stream_name":"stdout","time":255.12854514,"data":"      0.394666,\n"}
,{"stream_name":"stdout","time":255.128547319,"data":"      0.37645\n"}
,{"stream_name":"stdout","time":255.128549481,"data":"    ],\n"}
,{"stream_name":"stdout","time":255.128551665,"data":"    \"std\": [\n"}
,{"stream_name":"stdout","time":255.128553947,"data":"      0.22803,\n"}
,{"stream_name":"stdout","time":255.128556099,"data":"      0.22145,\n"}
,{"stream_name":"stdout","time":255.128558223,"data":"      0.216989\n"}
,{"stream_name":"stdout","time":255.128560422,"data":"    ]\n"}
,{"stream_name":"stdout","time":255.128562533,"data":"  },\n"}
,{"stream_name":"stdout","time":255.128564714,"data":"  \"bootstrap_unit\": \"source video; all QPs and five arms paired\",\n"}
,{"stream_name":"stdout","time":255.128567178,"data":"  \"bootstrap_seed\": 20261010,\n"}
,{"stream_name":"stdout","time":255.128569448,"data":"  \"bootstrap_draws\": 2000,\n"}
,{"stream_name":"stdout","time":255.128571693,"data":"  \"metric_sha256\": \"38d373f13366cb2397cd572d294dda4bd57dd71841fc353aa0b50776b2ae6487\",\n"}
,{"stream_name":"stdout","time":255.128576811,"data":"  \"bootstrap_sha256\": \"ca61890140e511d101024485cce4e1c96c2b7ff68e2718abfe466e1bd2af9f36\"\n"}
,{"stream_name":"stdout","time":255.128579321,"data":"}\n"}
,{"stream_name":"stdout","time":255.128581627,"data":"Downloading: \"https://download.pytorch.org/models/mc3_18-a90a0ba3.pth\" to /root/.cache/torch/hub/checkpoints/mc3_18-a90a0ba3.pth\n"}
,{"stream_name":"stdout","time":255.128584244,"data":"\r  0%|          | 0.00/44.7M [00:00\u003c?, ?B/s]\r 21%|██        | 9.25M/44.7M [00:00\u003c00:00, 96.6MB/s]\r 72%|███████▏  | 32.2M/44.7M [00:00\u003c00:00, 181MB/s] \r100%|██████████| 44.7M/44.7M [00:00\u003c00:00, 185MB/s]\n"}
,{"stream_name":"stdout","time":255.128589504,"data":"[MC3 V12] shard=1 1/50 unique_trials=13\n"}
,{"stream_name":"stdout","time":255.1285919,"data":"[MC3 V12] shard=1 2/50 unique_trials=25\n"}
,{"stream_name":"stdout","time":255.128594223,"data":"[MC3 V12] shard=1 3/50 unique_trials=36\n"}
,{"stream_name":"stdout","time":255.12859642,"data":"[MC3 V12] shard=1 4/50 unique_trials=46\n"}
,{"stream_name":"stdout","time":255.128598624,"data":"[MC3 V12] shard=1 5/50 unique_trials=56\n"}
,{"stream_name":"stdout","time":255.128600869,"data":"[MC3 V12] shard=1 6/50 unique_trials=68\n"}
,{"stream_name":"stdout","time":255.128603091,"data":"[MC3 V12] shard=1 7/50 unique_trials=78\n"}
,{"stream_name":"stdout","time":255.128605351,"data":"[MC3 V12] shard=1 8/50 unique_trials=88\n"}
,{"stream_name":"stdout","time":255.128607541,"data":"[MC3 V12] shard=1 9/50 unique_trials=100\n"}
,{"stream_name":"stdout","time":255.128609752,"data":"[MC3 V12] shard=1 10/50 unique_trials=110\n"}
,{"stream_name":"stdout","time":255.128612022,"data":"[MC3 V12] shard=1 11/50 unique_trials=122\n"}
,{"stream_name":"stdout","time":255.12861422,"data":"[MC3 V12] shard=1 12/50 unique_trials=132\n"}
,{"stream_name":"stdout","time":255.128616511,"data":"[MC3 V12] shard=1 13/50 unique_trials=142\n"}
,{"stream_name":"stdout","time":255.128618704,"data":"[MC3 V12] shard=1 14/50 unique_trials=152\n"}
,{"stream_name":"stdout","time":255.128620928,"data":"[MC3 V12] shard=1 15/50 unique_trials=165\n"}
,{"stream_name":"stdout","time":255.128623121,"data":"[MC3 V12] shard=1 16/50 unique_trials=175\n"}
,{"stream_name":"stdout","time":255.128625304,"data":"[MC3 V12] shard=1 17/50 unique_trials=187\n"}
,{"stream_name":"stdout","time":255.128627491,"data":"[MC3 V12] shard=1 18/50 unique_trials=198\n"}
,{"stream_name":"stdout","time":255.128629685,"data":"[MC3 V12] shard=1 19/50 unique_trials=210\n"}
,{"stream_name":"stdout","time":255.128631874,"data":"[MC3 V12] shard=1 20/50 unique_trials=221\n"}
,{"stream_name":"stdout","time":255.128634062,"data":"[MC3 V12] shard=1 21/50 unique_trials=231\n"}
,{"stream_name":"stdout","time":255.128636272,"data":"[MC3 V12] shard=1 22/50 unique_trials=242\n"}
,{"stream_name":"stdout","time":255.128639074,"data":"[MC3 V12] shard=1 23/50 unique_trials=256\n"}
,{"stream_name":"stdout","time":255.128641375,"data":"[MC3 V12] shard=1 24/50 unique_trials=267\n"}
,{"stream_name":"stdout","time":255.128643554,"data":"[MC3 V12] shard=1 25/50 unique_trials=280\n"}
,{"stream_name":"stdout","time":255.12864574,"data":"[MC3 V12] shard=1 26/50 unique_trials=292\n"}
,{"stream_name":"stdout","time":255.128647944,"data":"[MC3 V12] shard=1 27/50 unique_trials=305\n"}
,{"stream_name":"stdout","time":255.128650214,"data":"[MC3 V12] shard=1 28/50 unique_trials=316\n"}
,{"stream_name":"stdout","time":255.128652407,"data":"[MC3 V12] shard=1 29/50 unique_trials=326\n"}
,{"stream_name":"stdout","time":255.128654598,"data":"[MC3 V12] shard=1 30/50 unique_trials=339\n"}
,{"stream_name":"stdout","time":255.128658807,"data":"[MC3 V12] shard=1 31/50 unique_trials=350\n"}
,{"stream_name":"stdout","time":255.128661257,"data":"[MC3 V12] shard=1 32/50 unique_trials=361\n"}
,{"stream_name":"stdout","time":255.128663451,"data":"[MC3 V12] shard=1 33/50 unique_trials=372\n"}
,{"stream_name":"stdout","time":255.128665653,"data":"[MC3 V12] shard=1 34/50 unique_trials=382\n"}
,{"stream_name":"stdout","time":255.128667842,"data":"[MC3 V12] shard=1 35/50 unique_trials=392\n"}
,{"stream_name":"stdout","time":255.128670038,"data":"[MC3 V12] shard=1 36/50 unique_trials=404\n"}
,{"stream_name":"stdout","time":255.128672232,"data":"[MC3 V12] shard=1 37/50 unique_trials=418\n"}
,{"stream_name":"stdout","time":255.12867443,"data":"[MC3 V12] shard=1 38/50 unique_trials=431\n"}
,{"stream_name":"stdout","time":255.128676657,"data":"[MC3 V12] shard=1 39/50 unique_trials=442\n"}
,{"stream_name":"stdout","time":255.128678853,"data":"[MC3 V12] shard=1 40/50 unique_trials=452\n"}
,{"stream_name":"stdout","time":255.128681038,"data":"[MC3 V12] shard=1 41/50 unique_trials=462\n"}
,{"stream_name":"stdout","time":255.128683233,"data":"[MC3 V12] shard=1 42/50 unique_trials=473\n"}
,{"stream_name":"stdout","time":255.128685419,"data":"[MC3 V12] shard=1 43/50 unique_trials=485\n"}
,{"stream_name":"stdout","time":255.128687608,"data":"[MC3 V12] shard=1 44/50 unique_trials=495\n"}
,{"stream_name":"stdout","time":255.128689794,"data":"[MC3 V12] shard=1 45/50 unique_trials=508\n"}
,{"stream_name":"stdout","time":255.128691986,"data":"[MC3 V12] shard=1 46/50 unique_trials=520\n"}
,{"stream_name":"stdout","time":255.128694205,"data":"[MC3 V12] shard=1 47/50 unique_trials=530\n"}
,{"stream_name":"stdout","time":255.128696387,"data":"[MC3 V12] shard=1 48/50 unique_trials=543\n"}
,{"stream_name":"stdout","time":255.128698578,"data":"[MC3 V12] shard=1 49/50 unique_trials=555\n"}
,{"stream_name":"stdout","time":255.128700765,"data":"[MC3 V12] shard=1 50/50 unique_trials=565\n"}
,{"stream_name":"stdout","time":255.128702969,"data":"{\n"}
,{"stream_name":"stdout","time":255.128705108,"data":"  \"shard\": 1,\n"}
,{"stream_name":"stdout","time":255.128707368,"data":"  \"n\": 50,\n"}
,{"stream_name":"stdout","time":255.128709602,"data":"  \"unique_trials\": 565\n"}
,{"stream_name":"stdout","time":255.128711863,"data":"}\n"}
,{"stream_name":"stdout","time":255.128713981,"data":"[done] V12 MC3 CAL shard=1\n"}
,{"stream_name":"stdout","time":255.128716233,"data":"[exit] rc=0 shard=1\n"}
,{"stream_name":"stderr","time":255.129398947,"data":"/kaggle/working/v12_mc3_repository/src/models/cast_ar.py:8: SyntaxWarning: invalid escape sequence '\\-'\n"}
,{"stream_name":"stderr","time":255.129417615,"data":"  \\-\u003e content/QP mixture + safety gate\n"}
,{"stream_name":"stderr","time":255.12942249,"data":"\n"}
,{"stream_name":"stderr","time":255.129426752,"data":"/kaggle/working/v12_mc3_repository/src/models/cast_ar.py:8: SyntaxWarning: invalid escape sequence '\\-'\n"}
,{"stream_name":"stderr","time":255.1294308,"data":"  \\-\u003e content/QP mixture + safety gate\n"}
,{"stream_name":"stderr","time":257.46289826,"data":"/usr/local/lib/python3.12/dist-packages/mistune.py:435: SyntaxWarning: invalid escape sequence '\\|'\n"}
,{"stream_name":"stderr","time":257.462930568,"data":"  cells[i][c] = re.sub('\\\\\\\\\\|', '|', cell)\n"}
,{"stream_name":"stderr","time":257.619873398,"data":"/usr/local/lib/python3.12/dist-packages/nbconvert/filters/filter_links.py:36: SyntaxWarning: invalid escape sequence '\\_'\n"}
,{"stream_name":"stderr","time":257.619897883,"data":"  text = re.sub(r'_', '\\_', text) # Escape underscores in display text\n"}
,{"stream_name":"stderr","time":258.216566474,"data":"[NbConvertApp] Converting notebook __notebook__.ipynb to notebook\n"}
,{"stream_name":"stderr","time":258.502613896,"data":"[NbConvertApp] Writing 10205 bytes to __notebook__.ipynb\n"}
,{"stream_name":"stderr","time":260.812095069,"data":"[NbConvertApp] Converting notebook __notebook__.ipynb to html\n"}
,{"stream_name":"stderr","time":261.26827347,"data":"[NbConvertApp] Writing 287124 bytes to __results__.html\n"}
]
[{"stream_name":"stderr","time":6.975010083,"data":"0.00s - Debugger warning: It seems that frozen modules are being used, which may\n"}
,{"stream_name":"stderr","time":6.9750869269999995,"data":"0.00s - make the debugger miss breakpoints. Please pass -Xfrozen_modules=off\n"}
,{"stream_name":"stderr","time":6.975093863,"data":"0.00s - to python to disable frozen modules.\n"}
,{"stream_name":"stderr","time":6.975098351,"data":"0.00s - Note: Debugging will proceed. Set PYDEVD_DISABLE_FILE_VALIDATION=1 to disable this validation.\n"}
,{"stream_name":"stderr","time":7.552514078,"data":"0.00s - Debugger warning: It seems that frozen modules are being used, which may\n"}
,{"stream_name":"stderr","time":7.552556163,"data":"0.00s - make the debugger miss breakpoints. Please pass -Xfrozen_modules=off\n"}
,{"stream_name":"stderr","time":7.552562255,"data":"0.00s - to python to disable frozen modules.\n"}
,{"stream_name":"stderr","time":7.552566631,"data":"0.00s - Note: Debugging will proceed. Set PYDEVD_DISABLE_FILE_VALIDATION=1 to disable this validation.\n"}
,{"stream_name":"stdout","time":255.128194117,"data":"{\n"}
,{"stream_name":"stdout","time":255.128256851,"data":"  \"experiment\": \"v12_mc3_frozen_CAL_diagnostic\",\n"}
,{"stream_name":"stdout","time":255.128264206,"data":"  \"scope\": \"post-freeze diagnostic on reused CAL; no fit or policy selection\",\n"}
,{"stream_name":"stdout","time":255.128269853,"data":"  \"repository_url\": \"https://github.com/munnn01/preeee.git\",\n"}
,{"stream_name":"stdout","time":255.128274506,"data":"  \"code_commit\": \"43f62f3aff682b557bc00bbb4707479abbe268b7\",\n"}
,{"stream_name":"stdout","time":255.128279076,"data":"  \"code_fingerprint\": \"c1ffe1ed3d66c9dcb11ff27b020dcf54006f1abb40cb31c92ca95dead0ff4c1c\",\n"}
,{"stream_name":"stdout","time":255.128283873,"data":"  \"preregistration_commit\": \"fda9e069643e084d715c6f71a0cdefc9000f0204\",\n"}
,{"stream_name":"stdout","time":255.128288352,"data":"  \"preregistration_sha256\": \"093844f1c76c3e4982fc1c8b669705eb0923bdb7e05462c90e7bc13831f1e14f\",\n"}
,{"stream_name":"stdout","time":255.128295032,"data":"  \"protocol_sha256\": \"994ce274c58a77ae65233d41558af0bd65228f7c952ed2a770fd08b1c86771bd\",\n"}
,{"stream_name":"stdout","time":255.128299508,"data":"  \"selection_sha256\": \"bd677379e4420a50a71e8b0a630f1ce3519f42707da21667ac198eb3c93d9103\",\n"}
,{"stream_name":"stdout","time":255.128412931,"data":"  \"source_fingerprint\": \"ce5acf9334d4f683fdc7757d53b0d5be0ce80cc5a6fd4a4340e30c9357e79721\",\n"}
,{"stream_name":"stdout","time":255.128425777,"data":"  \"parent_freezes\": {\n"}
,{"stream_name":"stdout","time":255.128429347,"data":"    \"v12a\": {\n"}
,{"stream_name":"stdout","time":255.12843254,"data":"      \"repository_url\": \"https://github.com/munnn01/preeee.git\",\n"}
,{"stream_name":"stdout","time":255.128436419,"data":"      \"freeze_commit\": \"31733000ce4c4c4af007d09db96be88838dd63fa\",\n"}
,{"stream_name":"stdout","time":255.128439611,"data":"      \"frozen_policy_sha256\": \"918c205a88de9e3422a8d65c3e327ee1515c717ee9e89ea8b124127d9d529cbe\",\n"}
,{"stream_name":"stdout","time":255.128442777,"data":"      \"calibration_result_sha256\": \"2bd161d4b18f6f78ea85edeb9987079bd832e67d3b9e7e04b837a5bd6af81d1d\",\n"}
,{"stream_name":"stdout","time":255.12844606,"data":"      \"selected_choices_sha256\": \"bf60f1d51584ba86047f25f80acee8194381882bdf0d9eb990add87f69201c35\",\n"}
,{"stream_name":"stdout","time":255.128449312,"data":"      \"policy\": {\n"}
,{"stream_name":"stdout","time":255.128452287,"data":"        \"tau_relative\": 0.5,\n"}
,{"stream_name":"stdout","time":255.128455357,"data":"        \"rate_slack\": 0.5,\n"}
,{"stream_name":"stdout","time":255.128458286,"data":"        \"qp_mode\": \"lowmid\"\n"}
,{"stream_name":"stdout","time":255.128472057,"data":"      }\n"}
,{"stream_name":"stdout","time":255.128474467,"data":"    },\n"}
,{"stream_name":"stdout","time":255.128476624,"data":"    \"v12b\": {\n"}
,{"stream_name":"stdout","time":255.128478933,"data":"      \"repository_url\": \"https://github.com/munnn01/test_pre.git\",\n"}
,{"stream_name":"stdout","time":255.128481326,"data":"      \"freeze_commit\": \"67859444caeae26f4f4c927106d0efa1924616d9\",\n"}
,{"stream_name":"stdout","time":255.128483722,"data":"      \"frozen_policy_sha256\": \"68ae2ecb2b6d5b8fc2eb93b4ea4396ff60fd2b2d035623b67347043333e83cf8\",\n"}
,{"stream_name":"stdout","time":255.128486268,"data":"      \"calibration_result_sha256\": \"366d1a8a85cf0a75a5b03f962e9f5162a7775c8b6ce240c9cd9bf3694b1eb861\",\n"}
,{"stream_name":"stdout","time":255.128488784,"data":"      \"selected_choices_sha256\": \"e0d14ae6b772e7c7651f6737161bd1cb1463ae2a02927ead32fe30c9a6586499\",\n"}
,{"stream_name":"stdout","time":255.128491197,"data":"      \"policy\": {\n"}
,{"stream_name":"stdout","time":255.128493496,"data":"        \"tau_relative\": 0.25,\n"}
,{"stream_name":"stdout","time":255.128495816,"data":"        \"rate_slack\": 0.25,\n"}
,{"stream_name":"stdout","time":255.128498076,"data":"        \"qp_mode\": \"lowmid\"\n"}
,{"stream_name":"stdout","time":255.128500383,"data":"      }\n"}
,{"stream_name":"stdout","time":255.128502496,"data":"    }\n"}
,{"stream_name":"stdout","time":255.128504626,"data":"  },\n"}
,{"stream_name":"stdout","time":255.128506811,"data":"  \"model\": {\n"}
,{"stream_name":"stdout","time":255.128520162,"data":"    \"name\": \"mc3_18\",\n"}
,{"stream_name":"stdout","time":255.128522712,"data":"    \"weights\": \"KINETICS400_V1\",\n"}
,{"stream_name":"stdout","time":255.128528603,"data":"    \"url\": \"https://download.pytorch.org/models/mc3_18-a90a0ba3.pth\",\n"}
,{"stream_name":"stdout","time":255.128531112,"data":"    \"checkpoint_sha256\": \"a90a0ba35ca1242d15b77511ff28bfb29cc596988b5ea36081042f8e2f54212b\",\n"}
,{"stream_name":"stdout","time":255.128533549,"data":"    \"state_sha256\": \"8d68c39a4c53e74e6639e98073c6a9e2fa619f2fb3aab8b6d9fa9dcba5ef2cc7\",\n"}
,{"stream_name":"stdout","time":255.128535934,"data":"    \"categories_sha256\": \"af3283ace9c5869eb2bf7f8a1c4c2dd8c7593e10a78590abdbdbec64ccdc5b57\",\n"}
,{"stream_name":"stdout","time":255.128538361,"data":"    \"clip_size\": 112,\n"}
,{"stream_name":"stdout","time":255.128540655,"data":"    \"mean\": [\n"}
,{"stream_name":"stdout","time":255.128542873,"data":"      0.43216,\n"}
,{"stream_name":"stdout","time":255.12854514,"data":"      0.394666,\n"}
,{"stream_name":"stdout","time":255.128547319,"data":"      0.37645\n"}
,{"stream_name":"stdout","time":255.128549481,"data":"    ],\n"}
,{"stream_name":"stdout","time":255.128551665,"data":"    \"std\": [\n"}
,{"stream_name":"stdout","time":255.128553947,"data":"      0.22803,\n"}
,{"stream_name":"stdout","time":255.128556099,"data":"      0.22145,\n"}
,{"stream_name":"stdout","time":255.128558223,"data":"      0.216989\n"}
,{"stream_name":"stdout","time":255.128560422,"data":"    ]\n"}
,{"stream_name":"stdout","time":255.128562533,"data":"  },\n"}
,{"stream_name":"stdout","time":255.128564714,"data":"  \"bootstrap_unit\": \"source video; all QPs and five arms paired\",\n"}
,{"stream_name":"stdout","time":255.128567178,"data":"  \"bootstrap_seed\": 20261010,\n"}
,{"stream_name":"stdout","time":255.128569448,"data":"  \"bootstrap_draws\": 2000,\n"}
,{"stream_name":"stdout","time":255.128571693,"data":"  \"metric_sha256\": \"38d373f13366cb2397cd572d294dda4bd57dd71841fc353aa0b50776b2ae6487\",\n"}
,{"stream_name":"stdout","time":255.128576811,"data":"  \"bootstrap_sha256\": \"ca61890140e511d101024485cce4e1c96c2b7ff68e2718abfe466e1bd2af9f36\"\n"}
,{"stream_name":"stdout","time":255.128579321,"data":"}\n"}
,{"stream_name":"stdout","time":255.128581627,"data":"Downloading: \"https://download.pytorch.org/models/mc3_18-a90a0ba3.pth\" to /root/.cache/torch/hub/checkpoints/mc3_18-a90a0ba3.pth\n"}
,{"stream_name":"stdout","time":255.128584244,"data":"\r  0%|          | 0.00/44.7M [00:00\u003c?, ?B/s]\r 21%|██        | 9.25M/44.7M [00:00\u003c00:00, 96.6MB/s]\r 72%|███████▏  | 32.2M/44.7M [00:00\u003c00:00, 181MB/s] \r100%|██████████| 44.7M/44.7M [00:00\u003c00:00, 185MB/s]\n"}
,{"stream_name":"stdout","time":255.128589504,"data":"[MC3 V12] shard=1 1/50 unique_trials=13\n"}
,{"stream_name":"stdout","time":255.1285919,"data":"[MC3 V12] shard=1 2/50 unique_trials=25\n"}
,{"stream_name":"stdout","time":255.128594223,"data":"[MC3 V12] shard=1 3/50 unique_trials=36\n"}
,{"stream_name":"stdout","time":255.12859642,"data":"[MC3 V12] shard=1 4/50 unique_trials=46\n"}
,{"stream_name":"stdout","time":255.128598624,"data":"[MC3 V12] shard=1 5/50 unique_trials=56\n"}
,{"stream_name":"stdout","time":255.128600869,"data":"[MC3 V12] shard=1 6/50 unique_trials=68\n"}
,{"stream_name":"stdout","time":255.128603091,"data":"[MC3 V12] shard=1 7/50 unique_trials=78\n"}
,{"stream_name":"stdout","time":255.128605351,"data":"[MC3 V12] shard=1 8/50 unique_trials=88\n"}
,{"stream_name":"stdout","time":255.128607541,"data":"[MC3 V12] shard=1 9/50 unique_trials=100\n"}
,{"stream_name":"stdout","time":255.128609752,"data":"[MC3 V12] shard=1 10/50 unique_trials=110\n"}
,{"stream_name":"stdout","time":255.128612022,"data":"[MC3 V12] shard=1 11/50 unique_trials=122\n"}
,{"stream_name":"stdout","time":255.12861422,"data":"[MC3 V12] shard=1 12/50 unique_trials=132\n"}
,{"stream_name":"stdout","time":255.128616511,"data":"[MC3 V12] shard=1 13/50 unique_trials=142\n"}
,{"stream_name":"stdout","time":255.128618704,"data":"[MC3 V12] shard=1 14/50 unique_trials=152\n"}
,{"stream_name":"stdout","time":255.128620928,"data":"[MC3 V12] shard=1 15/50 unique_trials=165\n"}
,{"stream_name":"stdout","time":255.128623121,"data":"[MC3 V12] shard=1 16/50 unique_trials=175\n"}
,{"stream_name":"stdout","time":255.128625304,"data":"[MC3 V12] shard=1 17/50 unique_trials=187\n"}
,{"stream_name":"stdout","time":255.128627491,"data":"[MC3 V12] shard=1 18/50 unique_trials=198\n"}
,{"stream_name":"stdout","time":255.128629685,"data":"[MC3 V12] shard=1 19/50 unique_trials=210\n"}
,{"stream_name":"stdout","time":255.128631874,"data":"[MC3 V12] shard=1 20/50 unique_trials=221\n"}
,{"stream_name":"stdout","time":255.128634062,"data":"[MC3 V12] shard=1 21/50 unique_trials=231\n"}
,{"stream_name":"stdout","time":255.128636272,"data":"[MC3 V12] shard=1 22/50 unique_trials=242\n"}
,{"stream_name":"stdout","time":255.128639074,"data":"[MC3 V12] shard=1 23/50 unique_trials=256\n"}
,{"stream_name":"stdout","time":255.128641375,"data":"[MC3 V12] shard=1 24/50 unique_trials=267\n"}
,{"stream_name":"stdout","time":255.128643554,"data":"[MC3 V12] shard=1 25/50 unique_trials=280\n"}
,{"stream_name":"stdout","time":255.12864574,"data":"[MC3 V12] shard=1 26/50 unique_trials=292\n"}
,{"stream_name":"stdout","time":255.128647944,"data":"[MC3 V12] shard=1 27/50 unique_trials=305\n"}
,{"stream_name":"stdout","time":255.128650214,"data":"[MC3 V12] shard=1 28/50 unique_trials=316\n"}
,{"stream_name":"stdout","time":255.128652407,"data":"[MC3 V12] shard=1 29/50 unique_trials=326\n"}
,{"stream_name":"stdout","time":255.128654598,"data":"[MC3 V12] shard=1 30/50 unique_trials=339\n"}
,{"stream_name":"stdout","time":255.128658807,"data":"[MC3 V12] shard=1 31/50 unique_trials=350\n"}
,{"stream_name":"stdout","time":255.128661257,"data":"[MC3 V12] shard=1 32/50 unique_trials=361\n"}
,{"stream_name":"stdout","time":255.128663451,"data":"[MC3 V12] shard=1 33/50 unique_trials=372\n"}
,{"stream_name":"stdout","time":255.128665653,"data":"[MC3 V12] shard=1 34/50 unique_trials=382\n"}
,{"stream_name":"stdout","time":255.128667842,"data":"[MC3 V12] shard=1 35/50 unique_trials=392\n"}
,{"stream_name":"stdout","time":255.128670038,"data":"[MC3 V12] shard=1 36/50 unique_trials=404\n"}
,{"stream_name":"stdout","time":255.128672232,"data":"[MC3 V12] shard=1 37/50 unique_trials=418\n"}
,{"stream_name":"stdout","time":255.12867443,"data":"[MC3 V12] shard=1 38/50 unique_trials=431\n"}
,{"stream_name":"stdout","time":255.128676657,"data":"[MC3 V12] shard=1 39/50 unique_trials=442\n"}
,{"stream_name":"stdout","time":255.128678853,"data":"[MC3 V12] shard=1 40/50 unique_trials=452\n"}
,{"stream_name":"stdout","time":255.128681038,"data":"[MC3 V12] shard=1 41/50 unique_trials=462\n"}
,{"stream_name":"stdout","time":255.128683233,"data":"[MC3 V12] shard=1 42/50 unique_trials=473\n"}
,{"stream_name":"stdout","time":255.128685419,"data":"[MC3 V12] shard=1 43/50 unique_trials=485\n"}
,{"stream_name":"stdout","time":255.128687608,"data":"[MC3 V12] shard=1 44/50 unique_trials=495\n"}
,{"stream_name":"stdout","time":255.128689794,"data":"[MC3 V12] shard=1 45/50 unique_trials=508\n"}
,{"stream_name":"stdout","time":255.128691986,"data":"[MC3 V12] shard=1 46/50 unique_trials=520\n"}
,{"stream_name":"stdout","time":255.128694205,"data":"[MC3 V12] shard=1 47/50 unique_trials=530\n"}
,{"stream_name":"stdout","time":255.128696387,"data":"[MC3 V12] shard=1 48/50 unique_trials=543\n"}
,{"stream_name":"stdout","time":255.128698578,"data":"[MC3 V12] shard=1 49/50 unique_trials=555\n"}
,{"stream_name":"stdout","time":255.128700765,"data":"[MC3 V12] shard=1 50/50 unique_trials=565\n"}
,{"stream_name":"stdout","time":255.128702969,"data":"{\n"}
,{"stream_name":"stdout","time":255.128705108,"data":"  \"shard\": 1,\n"}
,{"stream_name":"stdout","time":255.128707368,"data":"  \"n\": 50,\n"}
,{"stream_name":"stdout","time":255.128709602,"data":"  \"unique_trials\": 565\n"}
,{"stream_name":"stdout","time":255.128711863,"data":"}\n"}
,{"stream_name":"stdout","time":255.128713981,"data":"[done] V12 MC3 CAL shard=1\n"}
,{"stream_name":"stdout","time":255.128716233,"data":"[exit] rc=0 shard=1\n"}
,{"stream_name":"stderr","time":255.129398947,"data":"/kaggle/working/v12_mc3_repository/src/models/cast_ar.py:8: SyntaxWarning: invalid escape sequence '\\-'\n"}
,{"stream_name":"stderr","time":255.129417615,"data":"  \\-\u003e content/QP mixture + safety gate\n"}
,{"stream_name":"stderr","time":255.12942249,"data":"\n"}
,{"stream_name":"stderr","time":255.129426752,"data":"/kaggle/working/v12_mc3_repository/src/models/cast_ar.py:8: SyntaxWarning: invalid escape sequence '\\-'\n"}
,{"stream_name":"stderr","time":255.1294308,"data":"  \\-\u003e content/QP mixture + safety gate\n"}
,{"stream_name":"stderr","time":257.46289826,"data":"/usr/local/lib/python3.12/dist-packages/mistune.py:435: SyntaxWarning: invalid escape sequence '\\|'\n"}
,{"stream_name":"stderr","time":257.462930568,"data":"  cells[i][c] = re.sub('\\\\\\\\\\|', '|', cell)\n"}
,{"stream_name":"stderr","time":257.619873398,"data":"/usr/local/lib/python3.12/dist-packages/nbconvert/filters/filter_links.py:36: SyntaxWarning: invalid escape sequence '\\_'\n"}
,{"stream_name":"stderr","time":257.619897883,"data":"  text = re.sub(r'_', '\\_', text) # Escape underscores in display text\n"}
,{"stream_name":"stderr","time":258.216566474,"data":"[NbConvertApp] Converting notebook __notebook__.ipynb to notebook\n"}
,{"stream_name":"stderr","time":258.502613896,"data":"[NbConvertApp] Writing 10205 bytes to __notebook__.ipynb\n"}
,{"stream_name":"stderr","time":260.812095069,"data":"[NbConvertApp] Converting notebook __notebook__.ipynb to html\n"}
,{"stream_name":"stderr","time":261.26827347,"data":"[NbConvertApp] Writing 287124 bytes to __results__.html\n"}
]