Downloading: "https://download.pytorch.org/models/resnet18-f37072fd.pth" to /root/.cache/torch/hub/checkpoints/resnet18-f37072fd.pth
[V12 semantic] shard=1 1/50 trials=30
[V12 semantic] shard=1 2/50 trials=60
[V12 semantic] shard=1 3/50 trials=90
[V12 semantic] shard=1 4/50 trials=120
[V12 semantic] shard=1 5/50 trials=150
[V12 semantic] shard=1 6/50 trials=180
[V12 semantic] shard=1 7/50 trials=210
[V12 semantic] shard=1 8/50 trials=240
[V12 semantic] shard=1 9/50 trials=270
[V12 semantic] shard=1 10/50 trials=300
[V12 semantic] shard=1 11/50 trials=330
[V12 semantic] shard=1 12/50 trials=360
[V12 semantic] shard=1 13/50 trials=390
[V12 semantic] shard=1 14/50 trials=420
[V12 semantic] shard=1 15/50 trials=450
[V12 semantic] shard=1 16/50 trials=480
[V12 semantic] shard=1 17/50 trials=510
[V12 semantic] shard=1 18/50 trials=540
[V12 semantic] shard=1 19/50 trials=570
[V12 semantic] shard=1 20/50 trials=600
[V12 semantic] shard=1 21/50 trials=630
[V12 semantic] shard=1 22/50 trials=660
[V12 semantic] shard=1 23/50 trials=690
[V12 semantic] shard=1 24/50 trials=720
[V12 semantic] shard=1 25/50 trials=750
[V12 semantic] shard=1 26/50 trials=780
[V12 semantic] shard=1 27/50 trials=810
[V12 semantic] shard=1 28/50 trials=840
[V12 semantic] shard=1 29/50 trials=870
[V12 semantic] shard=1 30/50 trials=900
[V12 semantic] shard=1 31/50 trials=930
[V12 semantic] shard=1 32/50 trials=960
[V12 semantic] shard=1 33/50 trials=990
[V12 semantic] shard=1 34/50 trials=1020
[V12 semantic] shard=1 35/50 trials=1050
[V12 semantic] shard=1 36/50 trials=1080
[V12 semantic] shard=1 37/50 trials=1110
[V12 semantic] shard=1 38/50 trials=1140
[V12 semantic] shard=1 39/50 trials=1170
[V12 semantic] shard=1 40/50 trials=1200
[V12 semantic] shard=1 41/50 trials=1230
[V12 semantic] shard=1 42/50 trials=1260
[V12 semantic] shard=1 43/50 trials=1290
[V12 semantic] shard=1 44/50 trials=1320
[V12 semantic] shard=1 45/50 trials=1350
[V12 semantic] shard=1 46/50 trials=1380
[V12 semantic] shard=1 47/50 trials=1410
[V12 semantic] shard=1 48/50 trials=1440
[V12 semantic] shard=1 49/50 trials=1470
[V12 semantic] shard=1 50/50 trials=1500
{
  "shard": 1,
  "n": 50,
  "trial_encode_decode_count": 1500
}
