[{"stream_name":"stderr","time":6.378603649,"data":"0.00s - Debugger warning: It seems that frozen modules are being used, which may\n"}
,{"stream_name":"stderr","time":6.37867957,"data":"0.00s - make the debugger miss breakpoints. Please pass -Xfrozen_modules=off\n"}
,{"stream_name":"stderr","time":6.378687997,"data":"0.00s - to python to disable frozen modules.\n"}
,{"stream_name":"stderr","time":6.37869154,"data":"0.00s - Note: Debugging will proceed. Set PYDEVD_DISABLE_FILE_VALIDATION=1 to disable this validation.\n"}
,{"stream_name":"stderr","time":6.951954115,"data":"0.00s - Debugger warning: It seems that frozen modules are being used, which may\n"}
,{"stream_name":"stderr","time":6.951979501,"data":"0.00s - make the debugger miss breakpoints. Please pass -Xfrozen_modules=off\n"}
,{"stream_name":"stderr","time":6.951982753,"data":"0.00s - to python to disable frozen modules.\n"}
,{"stream_name":"stderr","time":6.951985317,"data":"0.00s - Note: Debugging will proceed. Set PYDEVD_DISABLE_FILE_VALIDATION=1 to disable this validation.\n"}
,{"stream_name":"stdout","time":537.432659064,"data":"{\n"}
,{"stream_name":"stdout","time":537.432725664,"data":"  \"experiment\": \"v12_semantic_lowqp_h265_cal\",\n"}
,{"stream_name":"stdout","time":537.432732707,"data":"  \"direction\": \"semantic\",\n"}
,{"stream_name":"stdout","time":537.432737493,"data":"  \"repository_url\": \"https://github.com/munnn01/test_pre.git\",\n"}
,{"stream_name":"stdout","time":537.432742528,"data":"  \"source_fingerprint\": \"ce5acf9334d4f683fdc7757d53b0d5be0ce80cc5a6fd4a4340e30c9357e79721\",\n"}
,{"stream_name":"stdout","time":537.432748709,"data":"  \"scope\": \"reused CAL development only; no DEV/TEST/holdout or mc3 evaluation\",\n"}
,{"stream_name":"stdout","time":537.432761666,"data":"  \"bootstrap_unit\": \"source video; all QPs, arms and primary analyzers paired\",\n"}
,{"stream_name":"stdout","time":537.432766892,"data":"  \"code_commit\": \"f75e6231ff7a29396d9eb66ee5591fdb1107f956\",\n"}
,{"stream_name":"stdout","time":537.432771484,"data":"  \"code_fingerprint\": \"694cc7e391f05da9ad05e6b4f486673fafb13cb3751d31a3e82e517853a40331\",\n"}
,{"stream_name":"stdout","time":537.432776217,"data":"  \"preregistration_commit\": \"225e06509ebdd72744ae82c6b75a40ff6f2c16d1\",\n"}
,{"stream_name":"stdout","time":537.432781168,"data":"  \"preregistration_sha256\": \"8079631803019da5de26c86f4f660122b9093fe368196bb152626ce2fbe50b89\",\n"}
,{"stream_name":"stdout","time":537.432786459,"data":"  \"protocol_sha256\": \"7cdf2a204b1b39455e8a6e399ffbbd1b5b9e6215eca19c0eee42f0e6e5556639\",\n"}
,{"stream_name":"stdout","time":537.432791891,"data":"  \"cal_input_sha256\": \"db9fd6eef315657b33f9e0d557260c7af2a89857633193e6d41c83b056a7983d\",\n"}
,{"stream_name":"stdout","time":537.432797279,"data":"  \"primary_outcomes_sha256\": \"35b42f2874e909fddfc38363c6d0b47ef8a5e85abfcc4adcbea40eaaabb4150d\",\n"}
,{"stream_name":"stdout","time":537.432802221,"data":"  \"upstream_input_commit\": \"a02fdd250b5e04491f7d3619105ef79d0b6e64f8\",\n"}
,{"stream_name":"stdout","time":537.432806842,"data":"  \"bootstrap_seed\": 20261009,\n"}
,{"stream_name":"stdout","time":537.432811446,"data":"  \"bootstrap_draws\": 2000,\n"}
,{"stream_name":"stdout","time":537.432816022,"data":"  \"teacher\": {\n"}
,{"stream_name":"stdout","time":537.432820466,"data":"    \"name\": \"resnet18\",\n"}
,{"stream_name":"stdout","time":537.432825787,"data":"    \"weights\": \"IMAGENET1K_V1\",\n"}
,{"stream_name":"stdout","time":537.432830595,"data":"    \"url\": \"https://download.pytorch.org/models/resnet18-f37072fd.pth\",\n"}
,{"stream_name":"stdout","time":537.432835153,"data":"    \"checkpoint_sha256\": \"f37072fd47e89c5e827621c5baffa7500819f7896bbacec160b1a16c560e07ec\",\n"}
,{"stream_name":"stdout","time":537.432851819,"data":"    \"state_sha256\": \"e8994d93b1b110dc2c4d815d12e2966b6fd07b88c3213bcdbe68d332fef4aca2\",\n"}
,{"stream_name":"stdout","time":537.432856295,"data":"    \"layers\": [\n"}
,{"stream_name":"stdout","time":537.432859652,"data":"      \"layer2\",\n"}
,{"stream_name":"stdout","time":537.432863057,"data":"      \"layer3\"\n"}
,{"stream_name":"stdout","time":537.432867457,"data":"    ],\n"}
,{"stream_name":"stdout","time":537.432870822,"data":"    \"input_size\": 112,\n"}
,{"stream_name":"stdout","time":537.432874374,"data":"    \"mean\": [\n"}
,{"stream_name":"stdout","time":537.432877877,"data":"      0.485,\n"}
,{"stream_name":"stdout","time":537.432881156,"data":"      0.456,\n"}
,{"stream_name":"stdout","time":537.432884519,"data":"      0.406\n"}
,{"stream_name":"stdout","time":537.432887789,"data":"    ],\n"}
,{"stream_name":"stdout","time":537.432891437,"data":"    \"std\": [\n"}
,{"stream_name":"stdout","time":537.432894924,"data":"      0.229,\n"}
,{"stream_name":"stdout","time":537.432898145,"data":"      0.224,\n"}
,{"stream_name":"stdout","time":537.432901634,"data":"      0.225\n"}
,{"stream_name":"stdout","time":537.432905618,"data":"    ]\n"}
,{"stream_name":"stdout","time":537.432908934,"data":"  },\n"}
,{"stream_name":"stdout","time":537.432912319,"data":"  \"metric_sha256\": \"38d373f13366cb2397cd572d294dda4bd57dd71841fc353aa0b50776b2ae6487\",\n"}
,{"stream_name":"stdout","time":537.432916145,"data":"  \"paired_metrics_sha256\": \"ca61890140e511d101024485cce4e1c96c2b7ff68e2718abfe466e1bd2af9f36\"\n"}
,{"stream_name":"stdout","time":537.432919997,"data":"}\n"}
,{"stream_name":"stdout","time":537.432923818,"data":"Downloading: \"https://download.pytorch.org/models/resnet18-f37072fd.pth\" to /root/.cache/torch/hub/checkpoints/resnet18-f37072fd.pth\n"}
,{"stream_name":"stdout","time":537.432928097,"data":"[V12 semantic] shard=3 1/50 trials=30\n"}
,{"stream_name":"stdout","time":537.432932126,"data":"[V12 semantic] shard=3 2/50 trials=60\n"}
,{"stream_name":"stdout","time":537.432937951,"data":"[V12 semantic] shard=3 3/50 trials=90\n"}
,{"stream_name":"stdout","time":537.43294118,"data":"[V12 semantic] shard=3 4/50 trials=120\n"}
,{"stream_name":"stdout","time":537.432953095,"data":"[V12 semantic] shard=3 5/50 trials=150\n"}
,{"stream_name":"stdout","time":537.43297441,"data":"[V12 semantic] shard=3 6/50 trials=180\n"}
,{"stream_name":"stdout","time":537.432978304,"data":"[V12 semantic] shard=3 7/50 trials=210\n"}
,{"stream_name":"stdout","time":537.432982428,"data":"[V12 semantic] shard=3 8/50 trials=240\n"}
,{"stream_name":"stdout","time":537.432986162,"data":"[V12 semantic] shard=3 9/50 trials=270\n"}
,{"stream_name":"stdout","time":537.432989766,"data":"[V12 semantic] shard=3 10/50 trials=300\n"}
,{"stream_name":"stdout","time":537.432993237,"data":"[V12 semantic] shard=3 11/50 trials=330\n"}
,{"stream_name":"stdout","time":537.432997246,"data":"[V12 semantic] shard=3 12/50 trials=360\n"}
,{"stream_name":"stdout","time":537.433000999,"data":"[V12 semantic] shard=3 13/50 trials=390\n"}
,{"stream_name":"stdout","time":537.4330041,"data":"[V12 semantic] shard=3 14/50 trials=420\n"}
,{"stream_name":"stdout","time":537.433007515,"data":"[V12 semantic] shard=3 15/50 trials=450\n"}
,{"stream_name":"stdout","time":537.43301105,"data":"[V12 semantic] shard=3 16/50 trials=480\n"}
,{"stream_name":"stdout","time":537.433014078,"data":"[V12 semantic] shard=3 17/50 trials=510\n"}
,{"stream_name":"stdout","time":537.433017447,"data":"[V12 semantic] shard=3 18/50 trials=540\n"}
,{"stream_name":"stdout","time":537.433027241,"data":"[V12 semantic] shard=3 19/50 trials=570\n"}
,{"stream_name":"stdout","time":537.433030787,"data":"[V12 semantic] shard=3 20/50 trials=600\n"}
,{"stream_name":"stdout","time":537.433034458,"data":"[V12 semantic] shard=3 21/50 trials=630\n"}
,{"stream_name":"stdout","time":537.43303872,"data":"[V12 semantic] shard=3 22/50 trials=660\n"}
,{"stream_name":"stdout","time":537.433042773,"data":"[V12 semantic] shard=3 23/50 trials=690\n"}
,{"stream_name":"stdout","time":537.433046302,"data":"[V12 semantic] shard=3 24/50 trials=720\n"}
,{"stream_name":"stdout","time":537.433049866,"data":"[V12 semantic] shard=3 25/50 trials=750\n"}
,{"stream_name":"stdout","time":537.433053195,"data":"[V12 semantic] shard=3 26/50 trials=780\n"}
,{"stream_name":"stdout","time":537.43305656,"data":"[V12 semantic] shard=3 27/50 trials=810\n"}
,{"stream_name":"stdout","time":537.433060148,"data":"[V12 semantic] shard=3 28/50 trials=840\n"}
,{"stream_name":"stdout","time":537.433063256,"data":"[V12 semantic] shard=3 29/50 trials=870\n"}
,{"stream_name":"stdout","time":537.433066758,"data":"[V12 semantic] shard=3 30/50 trials=900\n"}
,{"stream_name":"stdout","time":537.433070657,"data":"[V12 semantic] shard=3 31/50 trials=930\n"}
,{"stream_name":"stdout","time":537.433074601,"data":"[V12 semantic] shard=3 32/50 trials=960\n"}
,{"stream_name":"stdout","time":537.433077987,"data":"[V12 semantic] shard=3 33/50 trials=990\n"}
,{"stream_name":"stdout","time":537.433081307,"data":"[V12 semantic] shard=3 34/50 trials=1020\n"}
,{"stream_name":"stdout","time":537.433085039,"data":"[V12 semantic] shard=3 35/50 trials=1050\n"}
,{"stream_name":"stdout","time":537.433088702,"data":"[V12 semantic] shard=3 36/50 trials=1080\n"}
,{"stream_name":"stdout","time":537.433092592,"data":"[V12 semantic] shard=3 37/50 trials=1110\n"}
,{"stream_name":"stdout","time":537.433123187,"data":"[V12 semantic] shard=3 38/50 trials=1140\n"}
,{"stream_name":"stdout","time":537.433128235,"data":"[V12 semantic] shard=3 39/50 trials=1170\n"}
,{"stream_name":"stdout","time":537.433131892,"data":"[V12 semantic] shard=3 40/50 trials=1200\n"}
,{"stream_name":"stdout","time":537.433135888,"data":"[V12 semantic] shard=3 41/50 trials=1230\n"}
,{"stream_name":"stdout","time":537.433139797,"data":"[V12 semantic] shard=3 42/50 trials=1260\n"}
,{"stream_name":"stdout","time":537.433143255,"data":"[V12 semantic] shard=3 43/50 trials=1290\n"}
,{"stream_name":"stdout","time":537.433146361,"data":"[V12 semantic] shard=3 44/50 trials=1320\n"}
,{"stream_name":"stdout","time":537.433149615,"data":"[V12 semantic] shard=3 45/50 trials=1350\n"}
,{"stream_name":"stdout","time":537.433153018,"data":"[V12 semantic] shard=3 46/50 trials=1380\n"}
,{"stream_name":"stdout","time":537.433156587,"data":"[V12 semantic] shard=3 47/50 trials=1410\n"}
,{"stream_name":"stdout","time":537.433159865,"data":"[V12 semantic] shard=3 48/50 trials=1440\n"}
,{"stream_name":"stdout","time":537.433163077,"data":"[V12 semantic] shard=3 49/50 trials=1470\n"}
,{"stream_name":"stdout","time":537.433166577,"data":"[V12 semantic] shard=3 50/50 trials=1500\n"}
,{"stream_name":"stdout","time":537.433170686,"data":"{\n"}
,{"stream_name":"stdout","time":537.43317398,"data":"  \"shard\": 3,\n"}
,{"stream_name":"stdout","time":537.433177533,"data":"  \"n\": 50,\n"}
,{"stream_name":"stdout","time":537.433181017,"data":"  \"trial_encode_decode_count\": 1500\n"}
,{"stream_name":"stdout","time":537.433184949,"data":"}\n"}
,{"stream_name":"stdout","time":537.433188254,"data":"[done] V12 semantic CAL shard=3\n"}
,{"stream_name":"stdout","time":537.433191799,"data":"[exit] rc=0 direction=semantic shard=3\n"}
,{"stream_name":"stderr","time":537.433897373,"data":"/kaggle/working/v12_repository/src/models/cast_ar.py:8: SyntaxWarning: invalid escape sequence '\\-'\n"}
,{"stream_name":"stderr","time":537.433910208,"data":"  \\-\u003e content/QP mixture + safety gate\n"}
,{"stream_name":"stderr","time":537.433914743,"data":"\n"}
,{"stream_name":"stderr","time":537.433918271,"data":"/kaggle/working/v12_repository/src/models/cast_ar.py:8: SyntaxWarning: invalid escape sequence '\\-'\n"}
,{"stream_name":"stderr","time":537.433921948,"data":"  \\-\u003e content/QP mixture + safety gate\n"}
,{"stream_name":"stderr","time":539.742453003,"data":"/usr/local/lib/python3.12/dist-packages/mistune.py:435: SyntaxWarning: invalid escape sequence '\\|'\n"}
,{"stream_name":"stderr","time":539.742502617,"data":"  cells[i][c] = re.sub('\\\\\\\\\\|', '|', cell)\n"}
,{"stream_name":"stderr","time":539.893662321,"data":"/usr/local/lib/python3.12/dist-packages/nbconvert/filters/filter_links.py:36: SyntaxWarning: invalid escape sequence '\\_'\n"}
,{"stream_name":"stderr","time":539.893688852,"data":"  text = re.sub(r'_', '\\_', text) # Escape underscores in display text\n"}
,{"stream_name":"stderr","time":540.497559801,"data":"[NbConvertApp] Converting notebook __notebook__.ipynb to notebook\n"}
,{"stream_name":"stderr","time":540.790601928,"data":"[NbConvertApp] Writing 8925 bytes to __notebook__.ipynb\n"}
,{"stream_name":"stderr","time":543.212185227,"data":"[NbConvertApp] Converting notebook __notebook__.ipynb to html\n"}
,{"stream_name":"stderr","time":543.628688576,"data":"[NbConvertApp] Writing 286465 bytes to __results__.html\n"}
]
[{"stream_name":"stderr","time":6.378603649,"data":"0.00s - Debugger warning: It seems that frozen modules are being used, which may\n"}
,{"stream_name":"stderr","time":6.37867957,"data":"0.00s - make the debugger miss breakpoints. Please pass -Xfrozen_modules=off\n"}
,{"stream_name":"stderr","time":6.378687997,"data":"0.00s - to python to disable frozen modules.\n"}
,{"stream_name":"stderr","time":6.37869154,"data":"0.00s - Note: Debugging will proceed. Set PYDEVD_DISABLE_FILE_VALIDATION=1 to disable this validation.\n"}
,{"stream_name":"stderr","time":6.951954115,"data":"0.00s - Debugger warning: It seems that frozen modules are being used, which may\n"}
,{"stream_name":"stderr","time":6.951979501,"data":"0.00s - make the debugger miss breakpoints. Please pass -Xfrozen_modules=off\n"}
,{"stream_name":"stderr","time":6.951982753,"data":"0.00s - to python to disable frozen modules.\n"}
,{"stream_name":"stderr","time":6.951985317,"data":"0.00s - Note: Debugging will proceed. Set PYDEVD_DISABLE_FILE_VALIDATION=1 to disable this validation.\n"}
,{"stream_name":"stdout","time":537.432659064,"data":"{\n"}
,{"stream_name":"stdout","time":537.432725664,"data":"  \"experiment\": \"v12_semantic_lowqp_h265_cal\",\n"}
,{"stream_name":"stdout","time":537.432732707,"data":"  \"direction\": \"semantic\",\n"}
,{"stream_name":"stdout","time":537.432737493,"data":"  \"repository_url\": \"https://github.com/munnn01/test_pre.git\",\n"}
,{"stream_name":"stdout","time":537.432742528,"data":"  \"source_fingerprint\": \"ce5acf9334d4f683fdc7757d53b0d5be0ce80cc5a6fd4a4340e30c9357e79721\",\n"}
,{"stream_name":"stdout","time":537.432748709,"data":"  \"scope\": \"reused CAL development only; no DEV/TEST/holdout or mc3 evaluation\",\n"}
,{"stream_name":"stdout","time":537.432761666,"data":"  \"bootstrap_unit\": \"source video; all QPs, arms and primary analyzers paired\",\n"}
,{"stream_name":"stdout","time":537.432766892,"data":"  \"code_commit\": \"f75e6231ff7a29396d9eb66ee5591fdb1107f956\",\n"}
,{"stream_name":"stdout","time":537.432771484,"data":"  \"code_fingerprint\": \"694cc7e391f05da9ad05e6b4f486673fafb13cb3751d31a3e82e517853a40331\",\n"}
,{"stream_name":"stdout","time":537.432776217,"data":"  \"preregistration_commit\": \"225e06509ebdd72744ae82c6b75a40ff6f2c16d1\",\n"}
,{"stream_name":"stdout","time":537.432781168,"data":"  \"preregistration_sha256\": \"8079631803019da5de26c86f4f660122b9093fe368196bb152626ce2fbe50b89\",\n"}
,{"stream_name":"stdout","time":537.432786459,"data":"  \"protocol_sha256\": \"7cdf2a204b1b39455e8a6e399ffbbd1b5b9e6215eca19c0eee42f0e6e5556639\",\n"}
,{"stream_name":"stdout","time":537.432791891,"data":"  \"cal_input_sha256\": \"db9fd6eef315657b33f9e0d557260c7af2a89857633193e6d41c83b056a7983d\",\n"}
,{"stream_name":"stdout","time":537.432797279,"data":"  \"primary_outcomes_sha256\": \"35b42f2874e909fddfc38363c6d0b47ef8a5e85abfcc4adcbea40eaaabb4150d\",\n"}
,{"stream_name":"stdout","time":537.432802221,"data":"  \"upstream_input_commit\": \"a02fdd250b5e04491f7d3619105ef79d0b6e64f8\",\n"}
,{"stream_name":"stdout","time":537.432806842,"data":"  \"bootstrap_seed\": 20261009,\n"}
,{"stream_name":"stdout","time":537.432811446,"data":"  \"bootstrap_draws\": 2000,\n"}
,{"stream_name":"stdout","time":537.432816022,"data":"  \"teacher\": {\n"}
,{"stream_name":"stdout","time":537.432820466,"data":"    \"name\": \"resnet18\",\n"}
,{"stream_name":"stdout","time":537.432825787,"data":"    \"weights\": \"IMAGENET1K_V1\",\n"}
,{"stream_name":"stdout","time":537.432830595,"data":"    \"url\": \"https://download.pytorch.org/models/resnet18-f37072fd.pth\",\n"}
,{"stream_name":"stdout","time":537.432835153,"data":"    \"checkpoint_sha256\": \"f37072fd47e89c5e827621c5baffa7500819f7896bbacec160b1a16c560e07ec\",\n"}
,{"stream_name":"stdout","time":537.432851819,"data":"    \"state_sha256\": \"e8994d93b1b110dc2c4d815d12e2966b6fd07b88c3213bcdbe68d332fef4aca2\",\n"}
,{"stream_name":"stdout","time":537.432856295,"data":"    \"layers\": [\n"}
,{"stream_name":"stdout","time":537.432859652,"data":"      \"layer2\",\n"}
,{"stream_name":"stdout","time":537.432863057,"data":"      \"layer3\"\n"}
,{"stream_name":"stdout","time":537.432867457,"data":"    ],\n"}
,{"stream_name":"stdout","time":537.432870822,"data":"    \"input_size\": 112,\n"}
,{"stream_name":"stdout","time":537.432874374,"data":"    \"mean\": [\n"}
,{"stream_name":"stdout","time":537.432877877,"data":"      0.485,\n"}
,{"stream_name":"stdout","time":537.432881156,"data":"      0.456,\n"}
,{"stream_name":"stdout","time":537.432884519,"data":"      0.406\n"}
,{"stream_name":"stdout","time":537.432887789,"data":"    ],\n"}
,{"stream_name":"stdout","time":537.432891437,"data":"    \"std\": [\n"}
,{"stream_name":"stdout","time":537.432894924,"data":"      0.229,\n"}
,{"stream_name":"stdout","time":537.432898145,"data":"      0.224,\n"}
,{"stream_name":"stdout","time":537.432901634,"data":"      0.225\n"}
,{"stream_name":"stdout","time":537.432905618,"data":"    ]\n"}
,{"stream_name":"stdout","time":537.432908934,"data":"  },\n"}
,{"stream_name":"stdout","time":537.432912319,"data":"  \"metric_sha256\": \"38d373f13366cb2397cd572d294dda4bd57dd71841fc353aa0b50776b2ae6487\",\n"}
,{"stream_name":"stdout","time":537.432916145,"data":"  \"paired_metrics_sha256\": \"ca61890140e511d101024485cce4e1c96c2b7ff68e2718abfe466e1bd2af9f36\"\n"}
,{"stream_name":"stdout","time":537.432919997,"data":"}\n"}
,{"stream_name":"stdout","time":537.432923818,"data":"Downloading: \"https://download.pytorch.org/models/resnet18-f37072fd.pth\" to /root/.cache/torch/hub/checkpoints/resnet18-f37072fd.pth\n"}
,{"stream_name":"stdout","time":537.432928097,"data":"[V12 semantic] shard=3 1/50 trials=30\n"}
,{"stream_name":"stdout","time":537.432932126,"data":"[V12 semantic] shard=3 2/50 trials=60\n"}
,{"stream_name":"stdout","time":537.432937951,"data":"[V12 semantic] shard=3 3/50 trials=90\n"}
,{"stream_name":"stdout","time":537.43294118,"data":"[V12 semantic] shard=3 4/50 trials=120\n"}
,{"stream_name":"stdout","time":537.432953095,"data":"[V12 semantic] shard=3 5/50 trials=150\n"}
,{"stream_name":"stdout","time":537.43297441,"data":"[V12 semantic] shard=3 6/50 trials=180\n"}
,{"stream_name":"stdout","time":537.432978304,"data":"[V12 semantic] shard=3 7/50 trials=210\n"}
,{"stream_name":"stdout","time":537.432982428,"data":"[V12 semantic] shard=3 8/50 trials=240\n"}
,{"stream_name":"stdout","time":537.432986162,"data":"[V12 semantic] shard=3 9/50 trials=270\n"}
,{"stream_name":"stdout","time":537.432989766,"data":"[V12 semantic] shard=3 10/50 trials=300\n"}
,{"stream_name":"stdout","time":537.432993237,"data":"[V12 semantic] shard=3 11/50 trials=330\n"}
,{"stream_name":"stdout","time":537.432997246,"data":"[V12 semantic] shard=3 12/50 trials=360\n"}
,{"stream_name":"stdout","time":537.433000999,"data":"[V12 semantic] shard=3 13/50 trials=390\n"}
,{"stream_name":"stdout","time":537.4330041,"data":"[V12 semantic] shard=3 14/50 trials=420\n"}
,{"stream_name":"stdout","time":537.433007515,"data":"[V12 semantic] shard=3 15/50 trials=450\n"}
,{"stream_name":"stdout","time":537.43301105,"data":"[V12 semantic] shard=3 16/50 trials=480\n"}
,{"stream_name":"stdout","time":537.433014078,"data":"[V12 semantic] shard=3 17/50 trials=510\n"}
,{"stream_name":"stdout","time":537.433017447,"data":"[V12 semantic] shard=3 18/50 trials=540\n"}
,{"stream_name":"stdout","time":537.433027241,"data":"[V12 semantic] shard=3 19/50 trials=570\n"}
,{"stream_name":"stdout","time":537.433030787,"data":"[V12 semantic] shard=3 20/50 trials=600\n"}
,{"stream_name":"stdout","time":537.433034458,"data":"[V12 semantic] shard=3 21/50 trials=630\n"}
,{"stream_name":"stdout","time":537.43303872,"data":"[V12 semantic] shard=3 22/50 trials=660\n"}
,{"stream_name":"stdout","time":537.433042773,"data":"[V12 semantic] shard=3 23/50 trials=690\n"}
,{"stream_name":"stdout","time":537.433046302,"data":"[V12 semantic] shard=3 24/50 trials=720\n"}
,{"stream_name":"stdout","time":537.433049866,"data":"[V12 semantic] shard=3 25/50 trials=750\n"}
,{"stream_name":"stdout","time":537.433053195,"data":"[V12 semantic] shard=3 26/50 trials=780\n"}
,{"stream_name":"stdout","time":537.43305656,"data":"[V12 semantic] shard=3 27/50 trials=810\n"}
,{"stream_name":"stdout","time":537.433060148,"data":"[V12 semantic] shard=3 28/50 trials=840\n"}
,{"stream_name":"stdout","time":537.433063256,"data":"[V12 semantic] shard=3 29/50 trials=870\n"}
,{"stream_name":"stdout","time":537.433066758,"data":"[V12 semantic] shard=3 30/50 trials=900\n"}
,{"stream_name":"stdout","time":537.433070657,"data":"[V12 semantic] shard=3 31/50 trials=930\n"}
,{"stream_name":"stdout","time":537.433074601,"data":"[V12 semantic] shard=3 32/50 trials=960\n"}
,{"stream_name":"stdout","time":537.433077987,"data":"[V12 semantic] shard=3 33/50 trials=990\n"}
,{"stream_name":"stdout","time":537.433081307,"data":"[V12 semantic] shard=3 34/50 trials=1020\n"}
,{"stream_name":"stdout","time":537.433085039,"data":"[V12 semantic] shard=3 35/50 trials=1050\n"}
,{"stream_name":"stdout","time":537.433088702,"data":"[V12 semantic] shard=3 36/50 trials=1080\n"}
,{"stream_name":"stdout","time":537.433092592,"data":"[V12 semantic] shard=3 37/50 trials=1110\n"}
,{"stream_name":"stdout","time":537.433123187,"data":"[V12 semantic] shard=3 38/50 trials=1140\n"}
,{"stream_name":"stdout","time":537.433128235,"data":"[V12 semantic] shard=3 39/50 trials=1170\n"}
,{"stream_name":"stdout","time":537.433131892,"data":"[V12 semantic] shard=3 40/50 trials=1200\n"}
,{"stream_name":"stdout","time":537.433135888,"data":"[V12 semantic] shard=3 41/50 trials=1230\n"}
,{"stream_name":"stdout","time":537.433139797,"data":"[V12 semantic] shard=3 42/50 trials=1260\n"}
,{"stream_name":"stdout","time":537.433143255,"data":"[V12 semantic] shard=3 43/50 trials=1290\n"}
,{"stream_name":"stdout","time":537.433146361,"data":"[V12 semantic] shard=3 44/50 trials=1320\n"}
,{"stream_name":"stdout","time":537.433149615,"data":"[V12 semantic] shard=3 45/50 trials=1350\n"}
,{"stream_name":"stdout","time":537.433153018,"data":"[V12 semantic] shard=3 46/50 trials=1380\n"}
,{"stream_name":"stdout","time":537.433156587,"data":"[V12 semantic] shard=3 47/50 trials=1410\n"}
,{"stream_name":"stdout","time":537.433159865,"data":"[V12 semantic] shard=3 48/50 trials=1440\n"}
,{"stream_name":"stdout","time":537.433163077,"data":"[V12 semantic] shard=3 49/50 trials=1470\n"}
,{"stream_name":"stdout","time":537.433166577,"data":"[V12 semantic] shard=3 50/50 trials=1500\n"}
,{"stream_name":"stdout","time":537.433170686,"data":"{\n"}
,{"stream_name":"stdout","time":537.43317398,"data":"  \"shard\": 3,\n"}
,{"stream_name":"stdout","time":537.433177533,"data":"  \"n\": 50,\n"}
,{"stream_name":"stdout","time":537.433181017,"data":"  \"trial_encode_decode_count\": 1500\n"}
,{"stream_name":"stdout","time":537.433184949,"data":"}\n"}
,{"stream_name":"stdout","time":537.433188254,"data":"[done] V12 semantic CAL shard=3\n"}
,{"stream_name":"stdout","time":537.433191799,"data":"[exit] rc=0 direction=semantic shard=3\n"}
,{"stream_name":"stderr","time":537.433897373,"data":"/kaggle/working/v12_repository/src/models/cast_ar.py:8: SyntaxWarning: invalid escape sequence '\\-'\n"}
,{"stream_name":"stderr","time":537.433910208,"data":"  \\-\u003e content/QP mixture + safety gate\n"}
,{"stream_name":"stderr","time":537.433914743,"data":"\n"}
,{"stream_name":"stderr","time":537.433918271,"data":"/kaggle/working/v12_repository/src/models/cast_ar.py:8: SyntaxWarning: invalid escape sequence '\\-'\n"}
,{"stream_name":"stderr","time":537.433921948,"data":"  \\-\u003e content/QP mixture + safety gate\n"}
,{"stream_name":"stderr","time":539.742453003,"data":"/usr/local/lib/python3.12/dist-packages/mistune.py:435: SyntaxWarning: invalid escape sequence '\\|'\n"}
,{"stream_name":"stderr","time":539.742502617,"data":"  cells[i][c] = re.sub('\\\\\\\\\\|', '|', cell)\n"}
,{"stream_name":"stderr","time":539.893662321,"data":"/usr/local/lib/python3.12/dist-packages/nbconvert/filters/filter_links.py:36: SyntaxWarning: invalid escape sequence '\\_'\n"}
,{"stream_name":"stderr","time":539.893688852,"data":"  text = re.sub(r'_', '\\_', text) # Escape underscores in display text\n"}
,{"stream_name":"stderr","time":540.497559801,"data":"[NbConvertApp] Converting notebook __notebook__.ipynb to notebook\n"}
,{"stream_name":"stderr","time":540.790601928,"data":"[NbConvertApp] Writing 8925 bytes to __notebook__.ipynb\n"}
,{"stream_name":"stderr","time":543.212185227,"data":"[NbConvertApp] Converting notebook __notebook__.ipynb to html\n"}
,{"stream_name":"stderr","time":543.628688576,"data":"[NbConvertApp] Writing 286465 bytes to __results__.html\n"}
]
[{"stream_name":"stderr","time":6.378603649,"data":"0.00s - Debugger warning: It seems that frozen modules are being used, which may\n"}
,{"stream_name":"stderr","time":6.37867957,"data":"0.00s - make the debugger miss breakpoints. Please pass -Xfrozen_modules=off\n"}
,{"stream_name":"stderr","time":6.378687997,"data":"0.00s - to python to disable frozen modules.\n"}
,{"stream_name":"stderr","time":6.37869154,"data":"0.00s - Note: Debugging will proceed. Set PYDEVD_DISABLE_FILE_VALIDATION=1 to disable this validation.\n"}
,{"stream_name":"stderr","time":6.951954115,"data":"0.00s - Debugger warning: It seems that frozen modules are being used, which may\n"}
,{"stream_name":"stderr","time":6.951979501,"data":"0.00s - make the debugger miss breakpoints. Please pass -Xfrozen_modules=off\n"}
,{"stream_name":"stderr","time":6.951982753,"data":"0.00s - to python to disable frozen modules.\n"}
,{"stream_name":"stderr","time":6.951985317,"data":"0.00s - Note: Debugging will proceed. Set PYDEVD_DISABLE_FILE_VALIDATION=1 to disable this validation.\n"}
,{"stream_name":"stdout","time":537.432659064,"data":"{\n"}
,{"stream_name":"stdout","time":537.432725664,"data":"  \"experiment\": \"v12_semantic_lowqp_h265_cal\",\n"}
,{"stream_name":"stdout","time":537.432732707,"data":"  \"direction\": \"semantic\",\n"}
,{"stream_name":"stdout","time":537.432737493,"data":"  \"repository_url\": \"https://github.com/munnn01/test_pre.git\",\n"}
,{"stream_name":"stdout","time":537.432742528,"data":"  \"source_fingerprint\": \"ce5acf9334d4f683fdc7757d53b0d5be0ce80cc5a6fd4a4340e30c9357e79721\",\n"}
,{"stream_name":"stdout","time":537.432748709,"data":"  \"scope\": \"reused CAL development only; no DEV/TEST/holdout or mc3 evaluation\",\n"}
,{"stream_name":"stdout","time":537.432761666,"data":"  \"bootstrap_unit\": \"source video; all QPs, arms and primary analyzers paired\",\n"}
,{"stream_name":"stdout","time":537.432766892,"data":"  \"code_commit\": \"f75e6231ff7a29396d9eb66ee5591fdb1107f956\",\n"}
,{"stream_name":"stdout","time":537.432771484,"data":"  \"code_fingerprint\": \"694cc7e391f05da9ad05e6b4f486673fafb13cb3751d31a3e82e517853a40331\",\n"}
,{"stream_name":"stdout","time":537.432776217,"data":"  \"preregistration_commit\": \"225e06509ebdd72744ae82c6b75a40ff6f2c16d1\",\n"}
,{"stream_name":"stdout","time":537.432781168,"data":"  \"preregistration_sha256\": \"8079631803019da5de26c86f4f660122b9093fe368196bb152626ce2fbe50b89\",\n"}
,{"stream_name":"stdout","time":537.432786459,"data":"  \"protocol_sha256\": \"7cdf2a204b1b39455e8a6e399ffbbd1b5b9e6215eca19c0eee42f0e6e5556639\",\n"}
,{"stream_name":"stdout","time":537.432791891,"data":"  \"cal_input_sha256\": \"db9fd6eef315657b33f9e0d557260c7af2a89857633193e6d41c83b056a7983d\",\n"}
,{"stream_name":"stdout","time":537.432797279,"data":"  \"primary_outcomes_sha256\": \"35b42f2874e909fddfc38363c6d0b47ef8a5e85abfcc4adcbea40eaaabb4150d\",\n"}
,{"stream_name":"stdout","time":537.432802221,"data":"  \"upstream_input_commit\": \"a02fdd250b5e04491f7d3619105ef79d0b6e64f8\",\n"}
,{"stream_name":"stdout","time":537.432806842,"data":"  \"bootstrap_seed\": 20261009,\n"}
,{"stream_name":"stdout","time":537.432811446,"data":"  \"bootstrap_draws\": 2000,\n"}
,{"stream_name":"stdout","time":537.432816022,"data":"  \"teacher\": {\n"}
,{"stream_name":"stdout","time":537.432820466,"data":"    \"name\": \"resnet18\",\n"}
,{"stream_name":"stdout","time":537.432825787,"data":"    \"weights\": \"IMAGENET1K_V1\",\n"}
,{"stream_name":"stdout","time":537.432830595,"data":"    \"url\": \"https://download.pytorch.org/models/resnet18-f37072fd.pth\",\n"}
,{"stream_name":"stdout","time":537.432835153,"data":"    \"checkpoint_sha256\": \"f37072fd47e89c5e827621c5baffa7500819f7896bbacec160b1a16c560e07ec\",\n"}
,{"stream_name":"stdout","time":537.432851819,"data":"    \"state_sha256\": \"e8994d93b1b110dc2c4d815d12e2966b6fd07b88c3213bcdbe68d332fef4aca2\",\n"}
,{"stream_name":"stdout","time":537.432856295,"data":"    \"layers\": [\n"}
,{"stream_name":"stdout","time":537.432859652,"data":"      \"layer2\",\n"}
,{"stream_name":"stdout","time":537.432863057,"data":"      \"layer3\"\n"}
,{"stream_name":"stdout","time":537.432867457,"data":"    ],\n"}
,{"stream_name":"stdout","time":537.432870822,"data":"    \"input_size\": 112,\n"}
,{"stream_name":"stdout","time":537.432874374,"data":"    \"mean\": [\n"}
,{"stream_name":"stdout","time":537.432877877,"data":"      0.485,\n"}
,{"stream_name":"stdout","time":537.432881156,"data":"      0.456,\n"}
,{"stream_name":"stdout","time":537.432884519,"data":"      0.406\n"}
,{"stream_name":"stdout","time":537.432887789,"data":"    ],\n"}
,{"stream_name":"stdout","time":537.432891437,"data":"    \"std\": [\n"}
,{"stream_name":"stdout","time":537.432894924,"data":"      0.229,\n"}
,{"stream_name":"stdout","time":537.432898145,"data":"      0.224,\n"}
,{"stream_name":"stdout","time":537.432901634,"data":"      0.225\n"}
,{"stream_name":"stdout","time":537.432905618,"data":"    ]\n"}
,{"stream_name":"stdout","time":537.432908934,"data":"  },\n"}
,{"stream_name":"stdout","time":537.432912319,"data":"  \"metric_sha256\": \"38d373f13366cb2397cd572d294dda4bd57dd71841fc353aa0b50776b2ae6487\",\n"}
,{"stream_name":"stdout","time":537.432916145,"data":"  \"paired_metrics_sha256\": \"ca61890140e511d101024485cce4e1c96c2b7ff68e2718abfe466e1bd2af9f36\"\n"}
,{"stream_name":"stdout","time":537.432919997,"data":"}\n"}
,{"stream_name":"stdout","time":537.432923818,"data":"Downloading: \"https://download.pytorch.org/models/resnet18-f37072fd.pth\" to /root/.cache/torch/hub/checkpoints/resnet18-f37072fd.pth\n"}
,{"stream_name":"stdout","time":537.432928097,"data":"[V12 semantic] shard=3 1/50 trials=30\n"}
,{"stream_name":"stdout","time":537.432932126,"data":"[V12 semantic] shard=3 2/50 trials=60\n"}
,{"stream_name":"stdout","time":537.432937951,"data":"[V12 semantic] shard=3 3/50 trials=90\n"}
,{"stream_name":"stdout","time":537.43294118,"data":"[V12 semantic] shard=3 4/50 trials=120\n"}
,{"stream_name":"stdout","time":537.432953095,"data":"[V12 semantic] shard=3 5/50 trials=150\n"}
,{"stream_name":"stdout","time":537.43297441,"data":"[V12 semantic] shard=3 6/50 trials=180\n"}
,{"stream_name":"stdout","time":537.432978304,"data":"[V12 semantic] shard=3 7/50 trials=210\n"}
,{"stream_name":"stdout","time":537.432982428,"data":"[V12 semantic] shard=3 8/50 trials=240\n"}
,{"stream_name":"stdout","time":537.432986162,"data":"[V12 semantic] shard=3 9/50 trials=270\n"}
,{"stream_name":"stdout","time":537.432989766,"data":"[V12 semantic] shard=3 10/50 trials=300\n"}
,{"stream_name":"stdout","time":537.432993237,"data":"[V12 semantic] shard=3 11/50 trials=330\n"}
,{"stream_name":"stdout","time":537.432997246,"data":"[V12 semantic] shard=3 12/50 trials=360\n"}
,{"stream_name":"stdout","time":537.433000999,"data":"[V12 semantic] shard=3 13/50 trials=390\n"}
,{"stream_name":"stdout","time":537.4330041,"data":"[V12 semantic] shard=3 14/50 trials=420\n"}
,{"stream_name":"stdout","time":537.433007515,"data":"[V12 semantic] shard=3 15/50 trials=450\n"}
,{"stream_name":"stdout","time":537.43301105,"data":"[V12 semantic] shard=3 16/50 trials=480\n"}
,{"stream_name":"stdout","time":537.433014078,"data":"[V12 semantic] shard=3 17/50 trials=510\n"}
,{"stream_name":"stdout","time":537.433017447,"data":"[V12 semantic] shard=3 18/50 trials=540\n"}
,{"stream_name":"stdout","time":537.433027241,"data":"[V12 semantic] shard=3 19/50 trials=570\n"}
,{"stream_name":"stdout","time":537.433030787,"data":"[V12 semantic] shard=3 20/50 trials=600\n"}
,{"stream_name":"stdout","time":537.433034458,"data":"[V12 semantic] shard=3 21/50 trials=630\n"}
,{"stream_name":"stdout","time":537.43303872,"data":"[V12 semantic] shard=3 22/50 trials=660\n"}
,{"stream_name":"stdout","time":537.433042773,"data":"[V12 semantic] shard=3 23/50 trials=690\n"}
,{"stream_name":"stdout","time":537.433046302,"data":"[V12 semantic] shard=3 24/50 trials=720\n"}
,{"stream_name":"stdout","time":537.433049866,"data":"[V12 semantic] shard=3 25/50 trials=750\n"}
,{"stream_name":"stdout","time":537.433053195,"data":"[V12 semantic] shard=3 26/50 trials=780\n"}
,{"stream_name":"stdout","time":537.43305656,"data":"[V12 semantic] shard=3 27/50 trials=810\n"}
,{"stream_name":"stdout","time":537.433060148,"data":"[V12 semantic] shard=3 28/50 trials=840\n"}
,{"stream_name":"stdout","time":537.433063256,"data":"[V12 semantic] shard=3 29/50 trials=870\n"}
,{"stream_name":"stdout","time":537.433066758,"data":"[V12 semantic] shard=3 30/50 trials=900\n"}
,{"stream_name":"stdout","time":537.433070657,"data":"[V12 semantic] shard=3 31/50 trials=930\n"}
,{"stream_name":"stdout","time":537.433074601,"data":"[V12 semantic] shard=3 32/50 trials=960\n"}
,{"stream_name":"stdout","time":537.433077987,"data":"[V12 semantic] shard=3 33/50 trials=990\n"}
,{"stream_name":"stdout","time":537.433081307,"data":"[V12 semantic] shard=3 34/50 trials=1020\n"}
,{"stream_name":"stdout","time":537.433085039,"data":"[V12 semantic] shard=3 35/50 trials=1050\n"}
,{"stream_name":"stdout","time":537.433088702,"data":"[V12 semantic] shard=3 36/50 trials=1080\n"}
,{"stream_name":"stdout","time":537.433092592,"data":"[V12 semantic] shard=3 37/50 trials=1110\n"}
,{"stream_name":"stdout","time":537.433123187,"data":"[V12 semantic] shard=3 38/50 trials=1140\n"}
,{"stream_name":"stdout","time":537.433128235,"data":"[V12 semantic] shard=3 39/50 trials=1170\n"}
,{"stream_name":"stdout","time":537.433131892,"data":"[V12 semantic] shard=3 40/50 trials=1200\n"}
,{"stream_name":"stdout","time":537.433135888,"data":"[V12 semantic] shard=3 41/50 trials=1230\n"}
,{"stream_name":"stdout","time":537.433139797,"data":"[V12 semantic] shard=3 42/50 trials=1260\n"}
,{"stream_name":"stdout","time":537.433143255,"data":"[V12 semantic] shard=3 43/50 trials=1290\n"}
,{"stream_name":"stdout","time":537.433146361,"data":"[V12 semantic] shard=3 44/50 trials=1320\n"}
,{"stream_name":"stdout","time":537.433149615,"data":"[V12 semantic] shard=3 45/50 trials=1350\n"}
,{"stream_name":"stdout","time":537.433153018,"data":"[V12 semantic] shard=3 46/50 trials=1380\n"}
,{"stream_name":"stdout","time":537.433156587,"data":"[V12 semantic] shard=3 47/50 trials=1410\n"}
,{"stream_name":"stdout","time":537.433159865,"data":"[V12 semantic] shard=3 48/50 trials=1440\n"}
,{"stream_name":"stdout","time":537.433163077,"data":"[V12 semantic] shard=3 49/50 trials=1470\n"}
,{"stream_name":"stdout","time":537.433166577,"data":"[V12 semantic] shard=3 50/50 trials=1500\n"}
,{"stream_name":"stdout","time":537.433170686,"data":"{\n"}
,{"stream_name":"stdout","time":537.43317398,"data":"  \"shard\": 3,\n"}
,{"stream_name":"stdout","time":537.433177533,"data":"  \"n\": 50,\n"}
,{"stream_name":"stdout","time":537.433181017,"data":"  \"trial_encode_decode_count\": 1500\n"}
,{"stream_name":"stdout","time":537.433184949,"data":"}\n"}
,{"stream_name":"stdout","time":537.433188254,"data":"[done] V12 semantic CAL shard=3\n"}
,{"stream_name":"stdout","time":537.433191799,"data":"[exit] rc=0 direction=semantic shard=3\n"}
,{"stream_name":"stderr","time":537.433897373,"data":"/kaggle/working/v12_repository/src/models/cast_ar.py:8: SyntaxWarning: invalid escape sequence '\\-'\n"}
,{"stream_name":"stderr","time":537.433910208,"data":"  \\-\u003e content/QP mixture + safety gate\n"}
,{"stream_name":"stderr","time":537.433914743,"data":"\n"}
,{"stream_name":"stderr","time":537.433918271,"data":"/kaggle/working/v12_repository/src/models/cast_ar.py:8: SyntaxWarning: invalid escape sequence '\\-'\n"}
,{"stream_name":"stderr","time":537.433921948,"data":"  \\-\u003e content/QP mixture + safety gate\n"}
,{"stream_name":"stderr","time":539.742453003,"data":"/usr/local/lib/python3.12/dist-packages/mistune.py:435: SyntaxWarning: invalid escape sequence '\\|'\n"}
,{"stream_name":"stderr","time":539.742502617,"data":"  cells[i][c] = re.sub('\\\\\\\\\\|', '|', cell)\n"}
,{"stream_name":"stderr","time":539.893662321,"data":"/usr/local/lib/python3.12/dist-packages/nbconvert/filters/filter_links.py:36: SyntaxWarning: invalid escape sequence '\\_'\n"}
,{"stream_name":"stderr","time":539.893688852,"data":"  text = re.sub(r'_', '\\_', text) # Escape underscores in display text\n"}
,{"stream_name":"stderr","time":540.497559801,"data":"[NbConvertApp] Converting notebook __notebook__.ipynb to notebook\n"}
,{"stream_name":"stderr","time":540.790601928,"data":"[NbConvertApp] Writing 8925 bytes to __notebook__.ipynb\n"}
,{"stream_name":"stderr","time":543.212185227,"data":"[NbConvertApp] Converting notebook __notebook__.ipynb to html\n"}
,{"stream_name":"stderr","time":543.628688576,"data":"[NbConvertApp] Writing 286465 bytes to __results__.html\n"}
]